$ ffmpeg -nostdin -v error -y -i /Users/kevinyang/dev/video-gen-kb/projects/kyle_steamfield/v1-lora-cli/clips/s1_v1.mov -vf trim=start=0:end=9.9,setpts=PTS-STARTPTS -af atrim=start=0:end=9.9,asetpts=PTS-STARTPTS -c:v prores_ks -profile:v 3 -c:a pcm_s16le /Users/kevinyang/dev/video-gen-kb/projects/kyle_steamfield/v1-lora-cli/clips/s1_t.mov
$ W=3840 H=2160 FIT=crop BITRATE=40M KEEP_FRAMES=0 KEEP_AUDIO=1 /Users/kevinyang/dev/video-gen-kb/scripts/upscale_4k.sh /Users/kevinyang/dev/video-gen-kb/projects/kyle_steamfield/v1-lora-cli/clips/s1_t.mov /Users/kevinyang/dev/video-gen-kb/projects/kyle_steamfield/v1-lora-cli/clips/s1 realesrgan-x4plus
hevc,3840,2160,yuv420p10le,248
4k: /Users/kevinyang/dev/video-gen-kb/projects/kyle_steamfield/v1-lora-cli/clips/s1_4k.mp4
$ ffmpeg -nostdin -v error -y -i /Users/kevinyang/dev/video-gen-kb/projects/kyle_steamfield/v1-lora-cli/clips/s2_v1.mov -vf trim=start=0:end=7.0,setpts=PTS-STARTPTS -af atrim=start=0:end=7.0,asetpts=PTS-STARTPTS -c:v prores_ks -profile:v 3 -c:a pcm_s16le /Users/kevinyang/dev/video-gen-kb/projects/kyle_steamfield/v1-lora-cli/clips/s2_t.mov
$ W=3840 H=2160 FIT=crop BITRATE=40M KEEP_FRAMES=0 KEEP_AUDIO=1 /Users/kevinyang/dev/video-gen-kb/scripts/upscale_4k.sh /Users/kevinyang/dev/video-gen-kb/projects/kyle_steamfield/v1-lora-cli/clips/s2_t.mov /Users/kevinyang/dev/video-gen-kb/projects/kyle_steamfield/v1-lora-cli/clips/s2 realesrgan-x4plus
hevc,3840,2160,yuv420p10le,175
4k: /Users/kevinyang/dev/video-gen-kb/projects/kyle_steamfield/v1-lora-cli/clips/s2_4k.mp4
$ ffmpeg -nostdin -v error -y -i /Users/kevinyang/dev/video-gen-kb/projects/kyle_steamfield/v1-lora-cli/clips/s3_v1.mov -vf trim=start=0:end=6.0,setpts=PTS-STARTPTS -af atrim=start=0:end=6.0,asetpts=PTS-STARTPTS -c:v prores_ks -profile:v 3 -c:a pcm_s16le /Users/kevinyang/dev/video-gen-kb/projects/kyle_steamfield/v1-lora-cli/clips/s3_t.mov
$ W=3840 H=2160 FIT=crop BITRATE=40M KEEP_FRAMES=0 KEEP_AUDIO=1 /Users/kevinyang/dev/video-gen-kb/scripts/upscale_4k.sh /Users/kevinyang/dev/video-gen-kb/projects/kyle_steamfield/v1-lora-cli/clips/s3_t.mov /Users/kevinyang/dev/video-gen-kb/projects/kyle_steamfield/v1-lora-cli/clips/s3 realesrgan-x4plus
hevc,3840,2160,yuv420p10le,150
4k: /Users/kevinyang/dev/video-gen-kb/projects/kyle_steamfield/v1-lora-cli/clips/s3_4k.mp4
$ ffmpeg -nostdin -v error -y -i /Users/kevinyang/dev/video-gen-kb/projects/kyle_steamfield/v1-lora-cli/clips/s4_v1.mov -vf trim=start=0:end=7.5,setpts=PTS-STARTPTS -af atrim=start=0:end=7.5,asetpts=PTS-STARTPTS -c:v prores_ks -profile:v 3 -c:a pcm_s16le /Users/kevinyang/dev/video-gen-kb/projects/kyle_steamfield/v1-lora-cli/clips/s4_t.mov
$ W=3840 H=2160 FIT=crop BITRATE=40M KEEP_FRAMES=0 KEEP_AUDIO=1 /Users/kevinyang/dev/video-gen-kb/scripts/upscale_4k.sh /Users/kevinyang/dev/video-gen-kb/projects/kyle_steamfield/v1-lora-cli/clips/s4_t.mov /Users/kevinyang/dev/video-gen-kb/projects/kyle_steamfield/v1-lora-cli/clips/s4 realesrgan-x4plus
hevc,3840,2160,yuv420p10le,188
4k: /Users/kevinyang/dev/video-gen-kb/projects/kyle_steamfield/v1-lora-cli/clips/s4_4k.mp4
$ ffmpeg -nostdin -v error -y -i /Users/kevinyang/dev/video-gen-kb/projects/kyle_steamfield/v1-lora-cli/clips/s5_v1.mov -vf trim=start=0:end=9.0,setpts=PTS-STARTPTS -af atrim=start=0:end=9.0,asetpts=PTS-STARTPTS -c:v prores_ks -profile:v 3 -c:a pcm_s16le /Users/kevinyang/dev/video-gen-kb/projects/kyle_steamfield/v1-lora-cli/clips/s5_t.mov
$ W=3840 H=2160 FIT=crop BITRATE=40M KEEP_FRAMES=0 KEEP_AUDIO=1 /Users/kevinyang/dev/video-gen-kb/scripts/upscale_4k.sh /Users/kevinyang/dev/video-gen-kb/projects/kyle_steamfield/v1-lora-cli/clips/s5_t.mov /Users/kevinyang/dev/video-gen-kb/projects/kyle_steamfield/v1-lora-cli/clips/s5 realesrgan-x4plus
hevc,3840,2160,yuv420p10le,225
4k: /Users/kevinyang/dev/video-gen-kb/projects/kyle_steamfield/v1-lora-cli/clips/s5_4k.mp4
$ ffmpeg -nostdin -v error -y -i /Users/kevinyang/dev/video-gen-kb/projects/kyle_steamfield/v1-lora-cli/clips/s6_v1.mov -vf trim=start=0:end=9.5,setpts=PTS-STARTPTS -af atrim=start=0:end=9.5,asetpts=PTS-STARTPTS -c:v prores_ks -profile:v 3 -c:a pcm_s16le /Users/kevinyang/dev/video-gen-kb/projects/kyle_steamfield/v1-lora-cli/clips/s6_t.mov
$ W=3840 H=2160 FIT=crop BITRATE=40M KEEP_FRAMES=0 KEEP_AUDIO=1 /Users/kevinyang/dev/video-gen-kb/scripts/upscale_4k.sh /Users/kevinyang/dev/video-gen-kb/projects/kyle_steamfield/v1-lora-cli/clips/s6_t.mov /Users/kevinyang/dev/video-gen-kb/projects/kyle_steamfield/v1-lora-cli/clips/s6 realesrgan-x4plus
hevc,3840,2160,yuv420p10le,238
4k: /Users/kevinyang/dev/video-gen-kb/projects/kyle_steamfield/v1-lora-cli/clips/s6_4k.mp4
$ ffmpeg -nostdin -v error -y -i /Users/kevinyang/dev/video-gen-kb/projects/kyle_steamfield/v1-lora-cli/clips/s7_v1.mov -vf trim=start=0:end=7.5,setpts=PTS-STARTPTS -af atrim=start=0:end=7.5,asetpts=PTS-STARTPTS -c:v prores_ks -profile:v 3 -c:a pcm_s16le /Users/kevinyang/dev/video-gen-kb/projects/kyle_steamfield/v1-lora-cli/clips/s7_t.mov
$ W=3840 H=2160 FIT=crop BITRATE=40M KEEP_FRAMES=0 KEEP_AUDIO=1 /Users/kevinyang/dev/video-gen-kb/scripts/upscale_4k.sh /Users/kevinyang/dev/video-gen-kb/projects/kyle_steamfield/v1-lora-cli/clips/s7_t.mov /Users/kevinyang/dev/video-gen-kb/projects/kyle_steamfield/v1-lora-cli/clips/s7 realesrgan-x4plus
hevc,3840,2160,yuv420p10le,188
4k: /Users/kevinyang/dev/video-gen-kb/projects/kyle_steamfield/v1-lora-cli/clips/s7_4k.mp4
$ ffmpeg -nostdin -v error -y -i /Users/kevinyang/dev/video-gen-kb/projects/kyle_steamfield/v1-lora-cli/clips/s8_v1.mov -vf trim=start=0:end=9.0,setpts=PTS-STARTPTS -af atrim=start=0:end=9.0,asetpts=PTS-STARTPTS -c:v prores_ks -profile:v 3 -c:a pcm_s16le /Users/kevinyang/dev/video-gen-kb/projects/kyle_steamfield/v1-lora-cli/clips/s8_t.mov
$ W=3840 H=2160 FIT=crop BITRATE=40M KEEP_FRAMES=0 KEEP_AUDIO=1 /Users/kevinyang/dev/video-gen-kb/scripts/upscale_4k.sh /Users/kevinyang/dev/video-gen-kb/projects/kyle_steamfield/v1-lora-cli/clips/s8_t.mov /Users/kevinyang/dev/video-gen-kb/projects/kyle_steamfield/v1-lora-cli/clips/s8 realesrgan-x4plus
hevc,3840,2160,yuv420p10le,225
4k: /Users/kevinyang/dev/video-gen-kb/projects/kyle_steamfield/v1-lora-cli/clips/s8_4k.mp4
$ W=3840 H=2160 FPS=25 XFADE=0.75 BITRATE=40M CLIP_AUDIO=1 /Users/kevinyang/dev/video-gen-kb/scripts/assemble_film.sh /Users/kevinyang/dev/video-gen-kb/projects/kyle_steamfield/v1-lora-cli/final/kyle_steamfield_3840x2160.mp4 /Users/kevinyang/dev/video-gen-kb/projects/kyle_steamfield/v1-lora-cli/clips/s1_4k.mp4 /Users/kevinyang/dev/video-gen-kb/projects/kyle_steamfield/v1-lora-cli/clips/s2_4k.mp4 /Users/kevinyang/dev/video-gen-kb/projects/kyle_steamfield/v1-lora-cli/clips/s3_4k.mp4 /Users/kevinyang/dev/video-gen-kb/projects/kyle_steamfield/v1-lora-cli/clips/s4_4k.mp4 /Users/kevinyang/dev/video-gen-kb/projects/kyle_steamfield/v1-lora-cli/clips/s5_4k.mp4 /Users/kevinyang/dev/video-gen-kb/projects/kyle_steamfield/v1-lora-cli/clips/s6_4k.mp4 /Users/kevinyang/dev/video-gen-kb/projects/kyle_steamfield/v1-lora-cli/clips/s7_4k.mp4 /Users/kevinyang/dev/video-gen-kb/projects/kyle_steamfield/v1-lora-cli/clips/s8_4k.mp4
film: /Users/kevinyang/dev/video-gen-kb/projects/kyle_steamfield/v1-lora-cli/final/kyle_steamfield_3840x2160.mp4 (60.240000s, expected 60.23s)
$ ffmpeg -nostdin -v error -y -i /Users/kevinyang/dev/video-gen-kb/projects/kyle_steamfield/v1-lora-cli/final/kyle_steamfield_3840x2160.mp4 -vf scale=1920:1080:flags=lanczos -c:v hevc_videotoolbox -b:v 12M -tag:v hvc1 -c:a copy -movflags +faststart /Users/kevinyang/dev/video-gen-kb/projects/kyle_steamfield/v1-lora-cli/final/kyle_steamfield_1920x1080.mp4
finished: projects/kyle_steamfield/v1-lora-cli/final/kyle_steamfield_3840x2160.mp4
