$ MODEL=flux_2_klein_9b_i8x.ckpt STEPS=4 CFG=1 STRENGTH=1.0 CONFIG_JSON='{"shift":3.0,"sampler":16,"loras":[{"file":"kyle_lora_v2_2500_lora_f32.ckpt","weight":0.85}]}' /Users/kevinyang/dev/video-gen-kb/scripts/dt_diptych.sh - /Users/kevinyang/dev/video-gen-kb/projects/kyle_steamfield/v1-lora-cli/seed/plain.png /Users/kevinyang/dev/video-gen-kb/projects/kyle_steamfield/v1-lora-cli/.gen/s1.txt /Users/kevinyang/dev/video-gen-kb/projects/kyle_steamfield/v1-lora-cli/seed/s1_c1.png 1 1024 576
/Users/kevinyang/dev/video-gen-kb/projects/kyle_steamfield/v1-lora-cli/seed/s1_c1.png
$ MODEL=flux_2_klein_9b_i8x.ckpt STEPS=4 CFG=1 STRENGTH=1.0 CONFIG_JSON='{"shift":3.0,"sampler":16,"loras":[{"file":"kyle_lora_v2_2500_lora_f32.ckpt","weight":0.85}]}' /Users/kevinyang/dev/video-gen-kb/scripts/dt_diptych.sh - /Users/kevinyang/dev/video-gen-kb/projects/kyle_steamfield/v1-lora-cli/seed/plain.png /Users/kevinyang/dev/video-gen-kb/projects/kyle_steamfield/v1-lora-cli/.gen/s1.txt /Users/kevinyang/dev/video-gen-kb/projects/kyle_steamfield/v1-lora-cli/seed/s1_c2.png 2 1024 576
/Users/kevinyang/dev/video-gen-kb/projects/kyle_steamfield/v1-lora-cli/seed/s1_c2.png
$ MODEL=flux_2_klein_9b_i8x.ckpt STEPS=4 CFG=1 STRENGTH=1.0 CONFIG_JSON='{"shift":3.0,"sampler":16,"loras":[{"file":"kyle_lora_v2_2500_lora_f32.ckpt","weight":0.85}]}' /Users/kevinyang/dev/video-gen-kb/scripts/dt_diptych.sh - /Users/kevinyang/dev/video-gen-kb/projects/kyle_steamfield/v1-lora-cli/seed/plain.png /Users/kevinyang/dev/video-gen-kb/projects/kyle_steamfield/v1-lora-cli/.gen/s1.txt /Users/kevinyang/dev/video-gen-kb/projects/kyle_steamfield/v1-lora-cli/seed/s1_c3.png 3 1024 576
/Users/kevinyang/dev/video-gen-kb/projects/kyle_steamfield/v1-lora-cli/seed/s1_c3.png
$ MODEL=flux_2_klein_9b_i8x.ckpt STEPS=4 CFG=1 STRENGTH=1.0 CONFIG_JSON='{"shift":3.0,"sampler":16,"loras":[{"file":"kyle_lora_v2_2500_lora_f32.ckpt","weight":0.85}]}' /Users/kevinyang/dev/video-gen-kb/scripts/dt_diptych.sh - /Users/kevinyang/dev/video-gen-kb/projects/kyle_steamfield/v1-lora-cli/seed/plain.png /Users/kevinyang/dev/video-gen-kb/projects/kyle_steamfield/v1-lora-cli/.gen/s1.txt /Users/kevinyang/dev/video-gen-kb/projects/kyle_steamfield/v1-lora-cli/seed/s1_c4.png 4 1024 576
/Users/kevinyang/dev/video-gen-kb/projects/kyle_steamfield/v1-lora-cli/seed/s1_c4.png
$ MODEL=flux_2_klein_9b_i8x.ckpt STEPS=4 CFG=1 STRENGTH=1.0 CONFIG_JSON='{"shift":3.0,"sampler":16,"loras":[{"file":"kyle_lora_v2_2500_lora_f32.ckpt","weight":0.85}]}' /Users/kevinyang/dev/video-gen-kb/scripts/dt_diptych.sh - /Users/kevinyang/dev/video-gen-kb/projects/kyle_steamfield/v1-lora-cli/seed/plain.png /Users/kevinyang/dev/video-gen-kb/projects/kyle_steamfield/v1-lora-cli/.gen/s1.txt /Users/kevinyang/dev/video-gen-kb/projects/kyle_steamfield/v1-lora-cli/seed/s1_c5.png 5 1024 576
/Users/kevinyang/dev/video-gen-kb/projects/kyle_steamfield/v1-lora-cli/seed/s1_c5.png
$ MODEL=flux_2_klein_9b_i8x.ckpt STEPS=4 CFG=1 STRENGTH=1.0 CONFIG_JSON='{"shift":3.0,"sampler":16,"loras":[{"file":"kyle_lora_v2_2500_lora_f32.ckpt","weight":1.0}]}' /Users/kevinyang/dev/video-gen-kb/scripts/dt_diptych.sh - /Users/kevinyang/dev/video-gen-kb/projects/kyle_steamfield/v1-lora-cli/seed/kyle.png /Users/kevinyang/dev/video-gen-kb/projects/kyle_steamfield/v1-lora-cli/.gen/s2.txt /Users/kevinyang/dev/video-gen-kb/projects/kyle_steamfield/v1-lora-cli/seed/s2_c1.png 1 1024 576
/Users/kevinyang/dev/video-gen-kb/projects/kyle_steamfield/v1-lora-cli/seed/s2_c1.png
$ MODEL=flux_2_klein_9b_i8x.ckpt STEPS=4 CFG=1 STRENGTH=1.0 CONFIG_JSON='{"shift":3.0,"sampler":16,"loras":[{"file":"kyle_lora_v2_2500_lora_f32.ckpt","weight":1.0}]}' /Users/kevinyang/dev/video-gen-kb/scripts/dt_diptych.sh - /Users/kevinyang/dev/video-gen-kb/projects/kyle_steamfield/v1-lora-cli/seed/kyle.png /Users/kevinyang/dev/video-gen-kb/projects/kyle_steamfield/v1-lora-cli/.gen/s2.txt /Users/kevinyang/dev/video-gen-kb/projects/kyle_steamfield/v1-lora-cli/seed/s2_c2.png 2 1024 576
/Users/kevinyang/dev/video-gen-kb/projects/kyle_steamfield/v1-lora-cli/seed/s2_c2.png
$ MODEL=flux_2_klein_9b_i8x.ckpt STEPS=4 CFG=1 STRENGTH=1.0 CONFIG_JSON='{"shift":3.0,"sampler":16,"loras":[{"file":"kyle_lora_v2_2500_lora_f32.ckpt","weight":1.0}]}' /Users/kevinyang/dev/video-gen-kb/scripts/dt_diptych.sh - /Users/kevinyang/dev/video-gen-kb/projects/kyle_steamfield/v1-lora-cli/seed/kyle.png /Users/kevinyang/dev/video-gen-kb/projects/kyle_steamfield/v1-lora-cli/.gen/s2.txt /Users/kevinyang/dev/video-gen-kb/projects/kyle_steamfield/v1-lora-cli/seed/s2_c3.png 3 1024 576
/Users/kevinyang/dev/video-gen-kb/projects/kyle_steamfield/v1-lora-cli/seed/s2_c3.png
$ MODEL=flux_2_klein_9b_i8x.ckpt STEPS=4 CFG=1 STRENGTH=1.0 CONFIG_JSON='{"shift":3.0,"sampler":16,"loras":[{"file":"kyle_lora_v2_2500_lora_f32.ckpt","weight":1.0}]}' /Users/kevinyang/dev/video-gen-kb/scripts/dt_diptych.sh - /Users/kevinyang/dev/video-gen-kb/projects/kyle_steamfield/v1-lora-cli/seed/kyle.png /Users/kevinyang/dev/video-gen-kb/projects/kyle_steamfield/v1-lora-cli/.gen/s2.txt /Users/kevinyang/dev/video-gen-kb/projects/kyle_steamfield/v1-lora-cli/seed/s2_c4.png 4 1024 576
/Users/kevinyang/dev/video-gen-kb/projects/kyle_steamfield/v1-lora-cli/seed/s2_c4.png
$ MODEL=flux_2_klein_9b_i8x.ckpt STEPS=4 CFG=1 STRENGTH=1.0 CONFIG_JSON='{"shift":3.0,"sampler":16,"loras":[{"file":"kyle_lora_v2_2500_lora_f32.ckpt","weight":1.0}]}' /Users/kevinyang/dev/video-gen-kb/scripts/dt_diptych.sh - /Users/kevinyang/dev/video-gen-kb/projects/kyle_steamfield/v1-lora-cli/seed/kyle.png /Users/kevinyang/dev/video-gen-kb/projects/kyle_steamfield/v1-lora-cli/.gen/s2.txt /Users/kevinyang/dev/video-gen-kb/projects/kyle_steamfield/v1-lora-cli/seed/s2_c5.png 5 1024 576
/Users/kevinyang/dev/video-gen-kb/projects/kyle_steamfield/v1-lora-cli/seed/s2_c5.png
$ MODEL=flux_2_klein_9b_i8x.ckpt STEPS=4 CFG=1 STRENGTH=1.0 CONFIG_JSON='{"shift":3.0,"sampler":16,"loras":[{"file":"kyle_lora_v2_2500_lora_f32.ckpt","weight":0.6}]}' /Users/kevinyang/dev/video-gen-kb/scripts/dt_diptych.sh - /Users/kevinyang/dev/video-gen-kb/projects/kyle_steamfield/v1-lora-cli/seed/kyle.png /Users/kevinyang/dev/video-gen-kb/projects/kyle_steamfield/v1-lora-cli/.gen/s3.txt /Users/kevinyang/dev/video-gen-kb/projects/kyle_steamfield/v1-lora-cli/seed/s3_c1.png 1 1024 576
/Users/kevinyang/dev/video-gen-kb/projects/kyle_steamfield/v1-lora-cli/seed/s3_c1.png
$ MODEL=flux_2_klein_9b_i8x.ckpt STEPS=4 CFG=1 STRENGTH=1.0 CONFIG_JSON='{"shift":3.0,"sampler":16,"loras":[{"file":"kyle_lora_v2_2500_lora_f32.ckpt","weight":0.6}]}' /Users/kevinyang/dev/video-gen-kb/scripts/dt_diptych.sh - /Users/kevinyang/dev/video-gen-kb/projects/kyle_steamfield/v1-lora-cli/seed/kyle.png /Users/kevinyang/dev/video-gen-kb/projects/kyle_steamfield/v1-lora-cli/.gen/s3.txt /Users/kevinyang/dev/video-gen-kb/projects/kyle_steamfield/v1-lora-cli/seed/s3_c2.png 2 1024 576
/Users/kevinyang/dev/video-gen-kb/projects/kyle_steamfield/v1-lora-cli/seed/s3_c2.png
$ MODEL=flux_2_klein_9b_i8x.ckpt STEPS=4 CFG=1 STRENGTH=1.0 CONFIG_JSON='{"shift":3.0,"sampler":16,"loras":[{"file":"kyle_lora_v2_2500_lora_f32.ckpt","weight":0.6}]}' /Users/kevinyang/dev/video-gen-kb/scripts/dt_diptych.sh - /Users/kevinyang/dev/video-gen-kb/projects/kyle_steamfield/v1-lora-cli/seed/kyle.png /Users/kevinyang/dev/video-gen-kb/projects/kyle_steamfield/v1-lora-cli/.gen/s3.txt /Users/kevinyang/dev/video-gen-kb/projects/kyle_steamfield/v1-lora-cli/seed/s3_c3.png 3 1024 576
/Users/kevinyang/dev/video-gen-kb/projects/kyle_steamfield/v1-lora-cli/seed/s3_c3.png
$ MODEL=flux_2_klein_9b_i8x.ckpt STEPS=4 CFG=1 STRENGTH=1.0 CONFIG_JSON='{"shift":3.0,"sampler":16,"loras":[{"file":"kyle_lora_v2_2500_lora_f32.ckpt","weight":0.6}]}' /Users/kevinyang/dev/video-gen-kb/scripts/dt_diptych.sh - /Users/kevinyang/dev/video-gen-kb/projects/kyle_steamfield/v1-lora-cli/seed/kyle.png /Users/kevinyang/dev/video-gen-kb/projects/kyle_steamfield/v1-lora-cli/.gen/s3.txt /Users/kevinyang/dev/video-gen-kb/projects/kyle_steamfield/v1-lora-cli/seed/s3_c4.png 4 1024 576
/Users/kevinyang/dev/video-gen-kb/projects/kyle_steamfield/v1-lora-cli/seed/s3_c4.png
$ MODEL=flux_2_klein_9b_i8x.ckpt STEPS=4 CFG=1 STRENGTH=1.0 CONFIG_JSON='{"shift":3.0,"sampler":16,"loras":[{"file":"kyle_lora_v2_2500_lora_f32.ckpt","weight":0.6}]}' /Users/kevinyang/dev/video-gen-kb/scripts/dt_diptych.sh - /Users/kevinyang/dev/video-gen-kb/projects/kyle_steamfield/v1-lora-cli/seed/kyle.png /Users/kevinyang/dev/video-gen-kb/projects/kyle_steamfield/v1-lora-cli/.gen/s3.txt /Users/kevinyang/dev/video-gen-kb/projects/kyle_steamfield/v1-lora-cli/seed/s3_c5.png 5 1024 576
/Users/kevinyang/dev/video-gen-kb/projects/kyle_steamfield/v1-lora-cli/seed/s3_c5.png
$ MODEL=flux_2_klein_9b_i8x.ckpt STEPS=4 CFG=1 STRENGTH=1.0 CONFIG_JSON='{"shift":3.0,"sampler":16,"loras":[{"file":"kyle_lora_v2_2500_lora_f32.ckpt","weight":1.0}]}' /Users/kevinyang/dev/video-gen-kb/scripts/dt_diptych.sh - /Users/kevinyang/dev/video-gen-kb/projects/kyle_steamfield/v1-lora-cli/seed/kyle.png /Users/kevinyang/dev/video-gen-kb/projects/kyle_steamfield/v1-lora-cli/.gen/s4.txt /Users/kevinyang/dev/video-gen-kb/projects/kyle_steamfield/v1-lora-cli/seed/s4_c1.png 1 1024 576
/Users/kevinyang/dev/video-gen-kb/projects/kyle_steamfield/v1-lora-cli/seed/s4_c1.png
$ MODEL=flux_2_klein_9b_i8x.ckpt STEPS=4 CFG=1 STRENGTH=1.0 CONFIG_JSON='{"shift":3.0,"sampler":16,"loras":[{"file":"kyle_lora_v2_2500_lora_f32.ckpt","weight":1.0}]}' /Users/kevinyang/dev/video-gen-kb/scripts/dt_diptych.sh - /Users/kevinyang/dev/video-gen-kb/projects/kyle_steamfield/v1-lora-cli/seed/kyle.png /Users/kevinyang/dev/video-gen-kb/projects/kyle_steamfield/v1-lora-cli/.gen/s4.txt /Users/kevinyang/dev/video-gen-kb/projects/kyle_steamfield/v1-lora-cli/seed/s4_c2.png 2 1024 576
/Users/kevinyang/dev/video-gen-kb/projects/kyle_steamfield/v1-lora-cli/seed/s4_c2.png
$ MODEL=flux_2_klein_9b_i8x.ckpt STEPS=4 CFG=1 STRENGTH=1.0 CONFIG_JSON='{"shift":3.0,"sampler":16,"loras":[{"file":"kyle_lora_v2_2500_lora_f32.ckpt","weight":1.0}]}' /Users/kevinyang/dev/video-gen-kb/scripts/dt_diptych.sh - /Users/kevinyang/dev/video-gen-kb/projects/kyle_steamfield/v1-lora-cli/seed/kyle.png /Users/kevinyang/dev/video-gen-kb/projects/kyle_steamfield/v1-lora-cli/.gen/s4.txt /Users/kevinyang/dev/video-gen-kb/projects/kyle_steamfield/v1-lora-cli/seed/s4_c3.png 3 1024 576
/Users/kevinyang/dev/video-gen-kb/projects/kyle_steamfield/v1-lora-cli/seed/s4_c3.png
$ MODEL=flux_2_klein_9b_i8x.ckpt STEPS=4 CFG=1 STRENGTH=1.0 CONFIG_JSON='{"shift":3.0,"sampler":16,"loras":[{"file":"kyle_lora_v2_2500_lora_f32.ckpt","weight":1.0}]}' /Users/kevinyang/dev/video-gen-kb/scripts/dt_diptych.sh - /Users/kevinyang/dev/video-gen-kb/projects/kyle_steamfield/v1-lora-cli/seed/kyle.png /Users/kevinyang/dev/video-gen-kb/projects/kyle_steamfield/v1-lora-cli/.gen/s4.txt /Users/kevinyang/dev/video-gen-kb/projects/kyle_steamfield/v1-lora-cli/seed/s4_c4.png 4 1024 576
/Users/kevinyang/dev/video-gen-kb/projects/kyle_steamfield/v1-lora-cli/seed/s4_c4.png
$ MODEL=flux_2_klein_9b_i8x.ckpt STEPS=4 CFG=1 STRENGTH=1.0 CONFIG_JSON='{"shift":3.0,"sampler":16,"loras":[{"file":"kyle_lora_v2_2500_lora_f32.ckpt","weight":1.0}]}' /Users/kevinyang/dev/video-gen-kb/scripts/dt_diptych.sh - /Users/kevinyang/dev/video-gen-kb/projects/kyle_steamfield/v1-lora-cli/seed/kyle.png /Users/kevinyang/dev/video-gen-kb/projects/kyle_steamfield/v1-lora-cli/.gen/s4.txt /Users/kevinyang/dev/video-gen-kb/projects/kyle_steamfield/v1-lora-cli/seed/s4_c5.png 5 1024 576
/Users/kevinyang/dev/video-gen-kb/projects/kyle_steamfield/v1-lora-cli/seed/s4_c5.png
$ MODEL=flux_2_klein_9b_i8x.ckpt STEPS=4 CFG=1 STRENGTH=1.0 CONFIG_JSON='{"shift":3.0,"sampler":16}' /Users/kevinyang/dev/video-gen-kb/scripts/dt_diptych.sh - /Users/kevinyang/dev/video-gen-kb/projects/kyle_steamfield/v1-lora-cli/seed/spring.png /Users/kevinyang/dev/video-gen-kb/projects/kyle_steamfield/v1-lora-cli/.gen/s5.txt /Users/kevinyang/dev/video-gen-kb/projects/kyle_steamfield/v1-lora-cli/seed/s5_c1.png 1 1024 576
/Users/kevinyang/dev/video-gen-kb/projects/kyle_steamfield/v1-lora-cli/seed/s5_c1.png
$ MODEL=flux_2_klein_9b_i8x.ckpt STEPS=4 CFG=1 STRENGTH=1.0 CONFIG_JSON='{"shift":3.0,"sampler":16}' /Users/kevinyang/dev/video-gen-kb/scripts/dt_diptych.sh - /Users/kevinyang/dev/video-gen-kb/projects/kyle_steamfield/v1-lora-cli/seed/spring.png /Users/kevinyang/dev/video-gen-kb/projects/kyle_steamfield/v1-lora-cli/.gen/s5.txt /Users/kevinyang/dev/video-gen-kb/projects/kyle_steamfield/v1-lora-cli/seed/s5_c2.png 2 1024 576
/Users/kevinyang/dev/video-gen-kb/projects/kyle_steamfield/v1-lora-cli/seed/s5_c2.png
$ MODEL=flux_2_klein_9b_i8x.ckpt STEPS=4 CFG=1 STRENGTH=1.0 CONFIG_JSON='{"shift":3.0,"sampler":16}' /Users/kevinyang/dev/video-gen-kb/scripts/dt_diptych.sh - /Users/kevinyang/dev/video-gen-kb/projects/kyle_steamfield/v1-lora-cli/seed/spring.png /Users/kevinyang/dev/video-gen-kb/projects/kyle_steamfield/v1-lora-cli/.gen/s5.txt /Users/kevinyang/dev/video-gen-kb/projects/kyle_steamfield/v1-lora-cli/seed/s5_c3.png 3 1024 576
/Users/kevinyang/dev/video-gen-kb/projects/kyle_steamfield/v1-lora-cli/seed/s5_c3.png
$ MODEL=flux_2_klein_9b_i8x.ckpt STEPS=4 CFG=1 STRENGTH=1.0 CONFIG_JSON='{"shift":3.0,"sampler":16}' /Users/kevinyang/dev/video-gen-kb/scripts/dt_diptych.sh - /Users/kevinyang/dev/video-gen-kb/projects/kyle_steamfield/v1-lora-cli/seed/spring.png /Users/kevinyang/dev/video-gen-kb/projects/kyle_steamfield/v1-lora-cli/.gen/s5.txt /Users/kevinyang/dev/video-gen-kb/projects/kyle_steamfield/v1-lora-cli/seed/s5_c4.png 4 1024 576
/Users/kevinyang/dev/video-gen-kb/projects/kyle_steamfield/v1-lora-cli/seed/s5_c4.png
$ MODEL=flux_2_klein_9b_i8x.ckpt STEPS=4 CFG=1 STRENGTH=1.0 CONFIG_JSON='{"shift":3.0,"sampler":16}' /Users/kevinyang/dev/video-gen-kb/scripts/dt_diptych.sh - /Users/kevinyang/dev/video-gen-kb/projects/kyle_steamfield/v1-lora-cli/seed/spring.png /Users/kevinyang/dev/video-gen-kb/projects/kyle_steamfield/v1-lora-cli/.gen/s5.txt /Users/kevinyang/dev/video-gen-kb/projects/kyle_steamfield/v1-lora-cli/seed/s5_c5.png 5 1024 576
/Users/kevinyang/dev/video-gen-kb/projects/kyle_steamfield/v1-lora-cli/seed/s5_c5.png
$ MODEL=flux_2_klein_9b_i8x.ckpt STEPS=4 CFG=1 STRENGTH=1.0 CONFIG_JSON='{"shift":3.0,"sampler":16,"loras":[{"file":"kyle_lora_v2_2500_lora_f32.ckpt","weight":0.85}]}' /Users/kevinyang/dev/video-gen-kb/scripts/dt_diptych.sh - /Users/kevinyang/dev/video-gen-kb/projects/kyle_steamfield/v1-lora-cli/seed/plain.png /Users/kevinyang/dev/video-gen-kb/projects/kyle_steamfield/v1-lora-cli/.gen/s6.txt /Users/kevinyang/dev/video-gen-kb/projects/kyle_steamfield/v1-lora-cli/seed/s6_c1.png 1 1024 576
/Users/kevinyang/dev/video-gen-kb/projects/kyle_steamfield/v1-lora-cli/seed/s6_c1.png
$ MODEL=flux_2_klein_9b_i8x.ckpt STEPS=4 CFG=1 STRENGTH=1.0 CONFIG_JSON='{"shift":3.0,"sampler":16,"loras":[{"file":"kyle_lora_v2_2500_lora_f32.ckpt","weight":0.85}]}' /Users/kevinyang/dev/video-gen-kb/scripts/dt_diptych.sh - /Users/kevinyang/dev/video-gen-kb/projects/kyle_steamfield/v1-lora-cli/seed/plain.png /Users/kevinyang/dev/video-gen-kb/projects/kyle_steamfield/v1-lora-cli/.gen/s6.txt /Users/kevinyang/dev/video-gen-kb/projects/kyle_steamfield/v1-lora-cli/seed/s6_c2.png 2 1024 576
/Users/kevinyang/dev/video-gen-kb/projects/kyle_steamfield/v1-lora-cli/seed/s6_c2.png
$ MODEL=flux_2_klein_9b_i8x.ckpt STEPS=4 CFG=1 STRENGTH=1.0 CONFIG_JSON='{"shift":3.0,"sampler":16,"loras":[{"file":"kyle_lora_v2_2500_lora_f32.ckpt","weight":0.85}]}' /Users/kevinyang/dev/video-gen-kb/scripts/dt_diptych.sh - /Users/kevinyang/dev/video-gen-kb/projects/kyle_steamfield/v1-lora-cli/seed/plain.png /Users/kevinyang/dev/video-gen-kb/projects/kyle_steamfield/v1-lora-cli/.gen/s6.txt /Users/kevinyang/dev/video-gen-kb/projects/kyle_steamfield/v1-lora-cli/seed/s6_c3.png 3 1024 576
/Users/kevinyang/dev/video-gen-kb/projects/kyle_steamfield/v1-lora-cli/seed/s6_c3.png
$ MODEL=flux_2_klein_9b_i8x.ckpt STEPS=4 CFG=1 STRENGTH=1.0 CONFIG_JSON='{"shift":3.0,"sampler":16,"loras":[{"file":"kyle_lora_v2_2500_lora_f32.ckpt","weight":0.85}]}' /Users/kevinyang/dev/video-gen-kb/scripts/dt_diptych.sh - /Users/kevinyang/dev/video-gen-kb/projects/kyle_steamfield/v1-lora-cli/seed/plain.png /Users/kevinyang/dev/video-gen-kb/projects/kyle_steamfield/v1-lora-cli/.gen/s6.txt /Users/kevinyang/dev/video-gen-kb/projects/kyle_steamfield/v1-lora-cli/seed/s6_c4.png 4 1024 576
/Users/kevinyang/dev/video-gen-kb/projects/kyle_steamfield/v1-lora-cli/seed/s6_c4.png
$ MODEL=flux_2_klein_9b_i8x.ckpt STEPS=4 CFG=1 STRENGTH=1.0 CONFIG_JSON='{"shift":3.0,"sampler":16,"loras":[{"file":"kyle_lora_v2_2500_lora_f32.ckpt","weight":0.85}]}' /Users/kevinyang/dev/video-gen-kb/scripts/dt_diptych.sh - /Users/kevinyang/dev/video-gen-kb/projects/kyle_steamfield/v1-lora-cli/seed/plain.png /Users/kevinyang/dev/video-gen-kb/projects/kyle_steamfield/v1-lora-cli/.gen/s6.txt /Users/kevinyang/dev/video-gen-kb/projects/kyle_steamfield/v1-lora-cli/seed/s6_c5.png 5 1024 576
/Users/kevinyang/dev/video-gen-kb/projects/kyle_steamfield/v1-lora-cli/seed/s6_c5.png
$ MODEL=flux_2_klein_9b_i8x.ckpt STEPS=4 CFG=1 STRENGTH=1.0 CONFIG_JSON='{"shift":3.0,"sampler":16,"loras":[{"file":"kyle_lora_v2_2500_lora_f32.ckpt","weight":1.0}]}' /Users/kevinyang/dev/video-gen-kb/scripts/dt_diptych.sh - /Users/kevinyang/dev/video-gen-kb/projects/kyle_steamfield/v1-lora-cli/seed/kyle.png /Users/kevinyang/dev/video-gen-kb/projects/kyle_steamfield/v1-lora-cli/.gen/s7.txt /Users/kevinyang/dev/video-gen-kb/projects/kyle_steamfield/v1-lora-cli/seed/s7_c1.png 1 1024 576
/Users/kevinyang/dev/video-gen-kb/projects/kyle_steamfield/v1-lora-cli/seed/s7_c1.png
$ MODEL=flux_2_klein_9b_i8x.ckpt STEPS=4 CFG=1 STRENGTH=1.0 CONFIG_JSON='{"shift":3.0,"sampler":16,"loras":[{"file":"kyle_lora_v2_2500_lora_f32.ckpt","weight":1.0}]}' /Users/kevinyang/dev/video-gen-kb/scripts/dt_diptych.sh - /Users/kevinyang/dev/video-gen-kb/projects/kyle_steamfield/v1-lora-cli/seed/kyle.png /Users/kevinyang/dev/video-gen-kb/projects/kyle_steamfield/v1-lora-cli/.gen/s7.txt /Users/kevinyang/dev/video-gen-kb/projects/kyle_steamfield/v1-lora-cli/seed/s7_c2.png 2 1024 576
/Users/kevinyang/dev/video-gen-kb/projects/kyle_steamfield/v1-lora-cli/seed/s7_c2.png
$ MODEL=flux_2_klein_9b_i8x.ckpt STEPS=4 CFG=1 STRENGTH=1.0 CONFIG_JSON='{"shift":3.0,"sampler":16,"loras":[{"file":"kyle_lora_v2_2500_lora_f32.ckpt","weight":1.0}]}' /Users/kevinyang/dev/video-gen-kb/scripts/dt_diptych.sh - /Users/kevinyang/dev/video-gen-kb/projects/kyle_steamfield/v1-lora-cli/seed/kyle.png /Users/kevinyang/dev/video-gen-kb/projects/kyle_steamfield/v1-lora-cli/.gen/s7.txt /Users/kevinyang/dev/video-gen-kb/projects/kyle_steamfield/v1-lora-cli/seed/s7_c3.png 3 1024 576
/Users/kevinyang/dev/video-gen-kb/projects/kyle_steamfield/v1-lora-cli/seed/s7_c3.png
$ MODEL=flux_2_klein_9b_i8x.ckpt STEPS=4 CFG=1 STRENGTH=1.0 CONFIG_JSON='{"shift":3.0,"sampler":16,"loras":[{"file":"kyle_lora_v2_2500_lora_f32.ckpt","weight":1.0}]}' /Users/kevinyang/dev/video-gen-kb/scripts/dt_diptych.sh - /Users/kevinyang/dev/video-gen-kb/projects/kyle_steamfield/v1-lora-cli/seed/kyle.png /Users/kevinyang/dev/video-gen-kb/projects/kyle_steamfield/v1-lora-cli/.gen/s7.txt /Users/kevinyang/dev/video-gen-kb/projects/kyle_steamfield/v1-lora-cli/seed/s7_c4.png 4 1024 576
/Users/kevinyang/dev/video-gen-kb/projects/kyle_steamfield/v1-lora-cli/seed/s7_c4.png
$ MODEL=flux_2_klein_9b_i8x.ckpt STEPS=4 CFG=1 STRENGTH=1.0 CONFIG_JSON='{"shift":3.0,"sampler":16,"loras":[{"file":"kyle_lora_v2_2500_lora_f32.ckpt","weight":1.0}]}' /Users/kevinyang/dev/video-gen-kb/scripts/dt_diptych.sh - /Users/kevinyang/dev/video-gen-kb/projects/kyle_steamfield/v1-lora-cli/seed/kyle.png /Users/kevinyang/dev/video-gen-kb/projects/kyle_steamfield/v1-lora-cli/.gen/s7.txt /Users/kevinyang/dev/video-gen-kb/projects/kyle_steamfield/v1-lora-cli/seed/s7_c5.png 5 1024 576
/Users/kevinyang/dev/video-gen-kb/projects/kyle_steamfield/v1-lora-cli/seed/s7_c5.png
$ MODEL=flux_2_klein_9b_i8x.ckpt STEPS=4 CFG=1 STRENGTH=1.0 CONFIG_JSON='{"shift":3.0,"sampler":16,"loras":[{"file":"kyle_lora_v2_2500_lora_f32.ckpt","weight":0.85}]}' /Users/kevinyang/dev/video-gen-kb/scripts/dt_diptych.sh - /Users/kevinyang/dev/video-gen-kb/projects/kyle_steamfield/v1-lora-cli/seed/valley.png /Users/kevinyang/dev/video-gen-kb/projects/kyle_steamfield/v1-lora-cli/.gen/s8.txt /Users/kevinyang/dev/video-gen-kb/projects/kyle_steamfield/v1-lora-cli/seed/s8_c1.png 1 1024 576
/Users/kevinyang/dev/video-gen-kb/projects/kyle_steamfield/v1-lora-cli/seed/s8_c1.png
$ MODEL=flux_2_klein_9b_i8x.ckpt STEPS=4 CFG=1 STRENGTH=1.0 CONFIG_JSON='{"shift":3.0,"sampler":16,"loras":[{"file":"kyle_lora_v2_2500_lora_f32.ckpt","weight":0.85}]}' /Users/kevinyang/dev/video-gen-kb/scripts/dt_diptych.sh - /Users/kevinyang/dev/video-gen-kb/projects/kyle_steamfield/v1-lora-cli/seed/valley.png /Users/kevinyang/dev/video-gen-kb/projects/kyle_steamfield/v1-lora-cli/.gen/s8.txt /Users/kevinyang/dev/video-gen-kb/projects/kyle_steamfield/v1-lora-cli/seed/s8_c2.png 2 1024 576
/Users/kevinyang/dev/video-gen-kb/projects/kyle_steamfield/v1-lora-cli/seed/s8_c2.png
$ MODEL=flux_2_klein_9b_i8x.ckpt STEPS=4 CFG=1 STRENGTH=1.0 CONFIG_JSON='{"shift":3.0,"sampler":16,"loras":[{"file":"kyle_lora_v2_2500_lora_f32.ckpt","weight":0.85}]}' /Users/kevinyang/dev/video-gen-kb/scripts/dt_diptych.sh - /Users/kevinyang/dev/video-gen-kb/projects/kyle_steamfield/v1-lora-cli/seed/valley.png /Users/kevinyang/dev/video-gen-kb/projects/kyle_steamfield/v1-lora-cli/.gen/s8.txt /Users/kevinyang/dev/video-gen-kb/projects/kyle_steamfield/v1-lora-cli/seed/s8_c3.png 3 1024 576
/Users/kevinyang/dev/video-gen-kb/projects/kyle_steamfield/v1-lora-cli/seed/s8_c3.png
$ MODEL=flux_2_klein_9b_i8x.ckpt STEPS=4 CFG=1 STRENGTH=1.0 CONFIG_JSON='{"shift":3.0,"sampler":16,"loras":[{"file":"kyle_lora_v2_2500_lora_f32.ckpt","weight":0.85}]}' /Users/kevinyang/dev/video-gen-kb/scripts/dt_diptych.sh - /Users/kevinyang/dev/video-gen-kb/projects/kyle_steamfield/v1-lora-cli/seed/valley.png /Users/kevinyang/dev/video-gen-kb/projects/kyle_steamfield/v1-lora-cli/.gen/s8.txt /Users/kevinyang/dev/video-gen-kb/projects/kyle_steamfield/v1-lora-cli/seed/s8_c4.png 4 1024 576
/Users/kevinyang/dev/video-gen-kb/projects/kyle_steamfield/v1-lora-cli/seed/s8_c4.png
$ MODEL=flux_2_klein_9b_i8x.ckpt STEPS=4 CFG=1 STRENGTH=1.0 CONFIG_JSON='{"shift":3.0,"sampler":16,"loras":[{"file":"kyle_lora_v2_2500_lora_f32.ckpt","weight":0.85}]}' /Users/kevinyang/dev/video-gen-kb/scripts/dt_diptych.sh - /Users/kevinyang/dev/video-gen-kb/projects/kyle_steamfield/v1-lora-cli/seed/valley.png /Users/kevinyang/dev/video-gen-kb/projects/kyle_steamfield/v1-lora-cli/.gen/s8.txt /Users/kevinyang/dev/video-gen-kb/projects/kyle_steamfield/v1-lora-cli/seed/s8_c5.png 5 1024 576
/Users/kevinyang/dev/video-gen-kb/projects/kyle_steamfield/v1-lora-cli/seed/s8_c5.png
