PHASE masters 13:47
projects/kyle_firstflight/v1-lora-cli/seed/kyle.png
projects/kyle_firstflight/v1-lora-cli/seed/droid.png
projects/kyle_firstflight/v1-lora-cli/seed/skiff.png
projects/kyle_firstflight/v1-lora-cli/seed/yard.png
projects/kyle_firstflight/v1-lora-cli/seed/dunes.png
PHASE stills 13:50
$ MODEL=flux_2_klein_9b_i8x.ckpt STEPS=4 CFG=1 STRENGTH=1.0 CONFIG_JSON='{"shift":3.0,"sampler":16}' /Users/kevinyang/dev/video-gen-kb/scripts/dt_diptych.sh - /Users/kevinyang/dev/video-gen-kb/projects/kyle_firstflight/v1-lora-cli/seed/yard.png /Users/kevinyang/dev/video-gen-kb/projects/kyle_firstflight/v1-lora-cli/.gen/s1.txt /Users/kevinyang/dev/video-gen-kb/projects/kyle_firstflight/v1-lora-cli/seed/s1_c1.png 1 1024 576
/Users/kevinyang/dev/video-gen-kb/projects/kyle_firstflight/v1-lora-cli/seed/s1_c1.png
$ MODEL=flux_2_klein_9b_i8x.ckpt STEPS=4 CFG=1 STRENGTH=1.0 CONFIG_JSON='{"shift":3.0,"sampler":16}' /Users/kevinyang/dev/video-gen-kb/scripts/dt_diptych.sh - /Users/kevinyang/dev/video-gen-kb/projects/kyle_firstflight/v1-lora-cli/seed/yard.png /Users/kevinyang/dev/video-gen-kb/projects/kyle_firstflight/v1-lora-cli/.gen/s1.txt /Users/kevinyang/dev/video-gen-kb/projects/kyle_firstflight/v1-lora-cli/seed/s1_c2.png 2 1024 576
/Users/kevinyang/dev/video-gen-kb/projects/kyle_firstflight/v1-lora-cli/seed/s1_c2.png
$ MODEL=flux_2_klein_9b_i8x.ckpt STEPS=4 CFG=1 STRENGTH=1.0 CONFIG_JSON='{"shift":3.0,"sampler":16}' /Users/kevinyang/dev/video-gen-kb/scripts/dt_diptych.sh - /Users/kevinyang/dev/video-gen-kb/projects/kyle_firstflight/v1-lora-cli/seed/yard.png /Users/kevinyang/dev/video-gen-kb/projects/kyle_firstflight/v1-lora-cli/.gen/s1.txt /Users/kevinyang/dev/video-gen-kb/projects/kyle_firstflight/v1-lora-cli/seed/s1_c3.png 3 1024 576
/Users/kevinyang/dev/video-gen-kb/projects/kyle_firstflight/v1-lora-cli/seed/s1_c3.png
$ MODEL=flux_2_klein_9b_i8x.ckpt STEPS=4 CFG=1 STRENGTH=1.0 CONFIG_JSON='{"shift":3.0,"sampler":16}' /Users/kevinyang/dev/video-gen-kb/scripts/dt_diptych.sh - /Users/kevinyang/dev/video-gen-kb/projects/kyle_firstflight/v1-lora-cli/seed/yard.png /Users/kevinyang/dev/video-gen-kb/projects/kyle_firstflight/v1-lora-cli/.gen/s1.txt /Users/kevinyang/dev/video-gen-kb/projects/kyle_firstflight/v1-lora-cli/seed/s1_c4.png 4 1024 576
/Users/kevinyang/dev/video-gen-kb/projects/kyle_firstflight/v1-lora-cli/seed/s1_c4.png
$ MODEL=flux_2_klein_9b_i8x.ckpt STEPS=4 CFG=1 STRENGTH=1.0 CONFIG_JSON='{"shift":3.0,"sampler":16}' /Users/kevinyang/dev/video-gen-kb/scripts/dt_diptych.sh - /Users/kevinyang/dev/video-gen-kb/projects/kyle_firstflight/v1-lora-cli/seed/yard.png /Users/kevinyang/dev/video-gen-kb/projects/kyle_firstflight/v1-lora-cli/.gen/s1.txt /Users/kevinyang/dev/video-gen-kb/projects/kyle_firstflight/v1-lora-cli/seed/s1_c5.png 5 1024 576
/Users/kevinyang/dev/video-gen-kb/projects/kyle_firstflight/v1-lora-cli/seed/s1_c5.png
$ MODEL=flux_2_klein_9b_i8x.ckpt STEPS=4 CFG=1 STRENGTH=1.0 CONFIG_JSON='{"shift":3.0,"sampler":16}' /Users/kevinyang/dev/video-gen-kb/scripts/dt_diptych.sh - /Users/kevinyang/dev/video-gen-kb/projects/kyle_firstflight/v1-lora-cli/seed/droid.png /Users/kevinyang/dev/video-gen-kb/projects/kyle_firstflight/v1-lora-cli/.gen/s2.txt /Users/kevinyang/dev/video-gen-kb/projects/kyle_firstflight/v1-lora-cli/seed/s2_c1.png 1 1024 576
/Users/kevinyang/dev/video-gen-kb/projects/kyle_firstflight/v1-lora-cli/seed/s2_c1.png
$ MODEL=flux_2_klein_9b_i8x.ckpt STEPS=4 CFG=1 STRENGTH=1.0 CONFIG_JSON='{"shift":3.0,"sampler":16}' /Users/kevinyang/dev/video-gen-kb/scripts/dt_diptych.sh - /Users/kevinyang/dev/video-gen-kb/projects/kyle_firstflight/v1-lora-cli/seed/droid.png /Users/kevinyang/dev/video-gen-kb/projects/kyle_firstflight/v1-lora-cli/.gen/s2.txt /Users/kevinyang/dev/video-gen-kb/projects/kyle_firstflight/v1-lora-cli/seed/s2_c2.png 2 1024 576
/Users/kevinyang/dev/video-gen-kb/projects/kyle_firstflight/v1-lora-cli/seed/s2_c2.png
$ MODEL=flux_2_klein_9b_i8x.ckpt STEPS=4 CFG=1 STRENGTH=1.0 CONFIG_JSON='{"shift":3.0,"sampler":16}' /Users/kevinyang/dev/video-gen-kb/scripts/dt_diptych.sh - /Users/kevinyang/dev/video-gen-kb/projects/kyle_firstflight/v1-lora-cli/seed/droid.png /Users/kevinyang/dev/video-gen-kb/projects/kyle_firstflight/v1-lora-cli/.gen/s2.txt /Users/kevinyang/dev/video-gen-kb/projects/kyle_firstflight/v1-lora-cli/seed/s2_c3.png 3 1024 576
/Users/kevinyang/dev/video-gen-kb/projects/kyle_firstflight/v1-lora-cli/seed/s2_c3.png
$ MODEL=flux_2_klein_9b_i8x.ckpt STEPS=4 CFG=1 STRENGTH=1.0 CONFIG_JSON='{"shift":3.0,"sampler":16}' /Users/kevinyang/dev/video-gen-kb/scripts/dt_diptych.sh - /Users/kevinyang/dev/video-gen-kb/projects/kyle_firstflight/v1-lora-cli/seed/droid.png /Users/kevinyang/dev/video-gen-kb/projects/kyle_firstflight/v1-lora-cli/.gen/s2.txt /Users/kevinyang/dev/video-gen-kb/projects/kyle_firstflight/v1-lora-cli/seed/s2_c4.png 4 1024 576
/Users/kevinyang/dev/video-gen-kb/projects/kyle_firstflight/v1-lora-cli/seed/s2_c4.png
$ MODEL=flux_2_klein_9b_i8x.ckpt STEPS=4 CFG=1 STRENGTH=1.0 CONFIG_JSON='{"shift":3.0,"sampler":16}' /Users/kevinyang/dev/video-gen-kb/scripts/dt_diptych.sh - /Users/kevinyang/dev/video-gen-kb/projects/kyle_firstflight/v1-lora-cli/seed/droid.png /Users/kevinyang/dev/video-gen-kb/projects/kyle_firstflight/v1-lora-cli/.gen/s2.txt /Users/kevinyang/dev/video-gen-kb/projects/kyle_firstflight/v1-lora-cli/seed/s2_c5.png 5 1024 576
/Users/kevinyang/dev/video-gen-kb/projects/kyle_firstflight/v1-lora-cli/seed/s2_c5.png
$ MODEL=flux_2_klein_9b_i8x.ckpt STEPS=4 CFG=1 STRENGTH=1.0 CONFIG_JSON='{"shift":3.0,"sampler":16,"loras":[{"file":"kyle_lora_v2_2500_lora_f32.ckpt","weight":0.6}]}' /Users/kevinyang/dev/video-gen-kb/scripts/dt_diptych.sh - /Users/kevinyang/dev/video-gen-kb/projects/kyle_firstflight/v1-lora-cli/seed/skiff.png /Users/kevinyang/dev/video-gen-kb/projects/kyle_firstflight/v1-lora-cli/.gen/s3.txt /Users/kevinyang/dev/video-gen-kb/projects/kyle_firstflight/v1-lora-cli/seed/s3_c1.png 1 1024 576
/Users/kevinyang/dev/video-gen-kb/projects/kyle_firstflight/v1-lora-cli/seed/s3_c1.png
$ MODEL=flux_2_klein_9b_i8x.ckpt STEPS=4 CFG=1 STRENGTH=1.0 CONFIG_JSON='{"shift":3.0,"sampler":16,"loras":[{"file":"kyle_lora_v2_2500_lora_f32.ckpt","weight":0.6}]}' /Users/kevinyang/dev/video-gen-kb/scripts/dt_diptych.sh - /Users/kevinyang/dev/video-gen-kb/projects/kyle_firstflight/v1-lora-cli/seed/skiff.png /Users/kevinyang/dev/video-gen-kb/projects/kyle_firstflight/v1-lora-cli/.gen/s3.txt /Users/kevinyang/dev/video-gen-kb/projects/kyle_firstflight/v1-lora-cli/seed/s3_c2.png 2 1024 576
/Users/kevinyang/dev/video-gen-kb/projects/kyle_firstflight/v1-lora-cli/seed/s3_c2.png
$ MODEL=flux_2_klein_9b_i8x.ckpt STEPS=4 CFG=1 STRENGTH=1.0 CONFIG_JSON='{"shift":3.0,"sampler":16,"loras":[{"file":"kyle_lora_v2_2500_lora_f32.ckpt","weight":0.6}]}' /Users/kevinyang/dev/video-gen-kb/scripts/dt_diptych.sh - /Users/kevinyang/dev/video-gen-kb/projects/kyle_firstflight/v1-lora-cli/seed/skiff.png /Users/kevinyang/dev/video-gen-kb/projects/kyle_firstflight/v1-lora-cli/.gen/s3.txt /Users/kevinyang/dev/video-gen-kb/projects/kyle_firstflight/v1-lora-cli/seed/s3_c3.png 3 1024 576
/Users/kevinyang/dev/video-gen-kb/projects/kyle_firstflight/v1-lora-cli/seed/s3_c3.png
$ MODEL=flux_2_klein_9b_i8x.ckpt STEPS=4 CFG=1 STRENGTH=1.0 CONFIG_JSON='{"shift":3.0,"sampler":16,"loras":[{"file":"kyle_lora_v2_2500_lora_f32.ckpt","weight":0.6}]}' /Users/kevinyang/dev/video-gen-kb/scripts/dt_diptych.sh - /Users/kevinyang/dev/video-gen-kb/projects/kyle_firstflight/v1-lora-cli/seed/skiff.png /Users/kevinyang/dev/video-gen-kb/projects/kyle_firstflight/v1-lora-cli/.gen/s3.txt /Users/kevinyang/dev/video-gen-kb/projects/kyle_firstflight/v1-lora-cli/seed/s3_c4.png 4 1024 576
/Users/kevinyang/dev/video-gen-kb/projects/kyle_firstflight/v1-lora-cli/seed/s3_c4.png
$ MODEL=flux_2_klein_9b_i8x.ckpt STEPS=4 CFG=1 STRENGTH=1.0 CONFIG_JSON='{"shift":3.0,"sampler":16,"loras":[{"file":"kyle_lora_v2_2500_lora_f32.ckpt","weight":0.6}]}' /Users/kevinyang/dev/video-gen-kb/scripts/dt_diptych.sh - /Users/kevinyang/dev/video-gen-kb/projects/kyle_firstflight/v1-lora-cli/seed/skiff.png /Users/kevinyang/dev/video-gen-kb/projects/kyle_firstflight/v1-lora-cli/.gen/s3.txt /Users/kevinyang/dev/video-gen-kb/projects/kyle_firstflight/v1-lora-cli/seed/s3_c5.png 5 1024 576
/Users/kevinyang/dev/video-gen-kb/projects/kyle_firstflight/v1-lora-cli/seed/s3_c5.png
$ MODEL=flux_2_klein_9b_i8x.ckpt STEPS=4 CFG=1 STRENGTH=1.0 CONFIG_JSON='{"shift":3.0,"sampler":16}' /Users/kevinyang/dev/video-gen-kb/scripts/dt_diptych.sh - /Users/kevinyang/dev/video-gen-kb/projects/kyle_firstflight/v1-lora-cli/seed/skiff.png /Users/kevinyang/dev/video-gen-kb/projects/kyle_firstflight/v1-lora-cli/.gen/s4.txt /Users/kevinyang/dev/video-gen-kb/projects/kyle_firstflight/v1-lora-cli/seed/s4_c1.png 1 1024 576
/Users/kevinyang/dev/video-gen-kb/projects/kyle_firstflight/v1-lora-cli/seed/s4_c1.png
$ MODEL=flux_2_klein_9b_i8x.ckpt STEPS=4 CFG=1 STRENGTH=1.0 CONFIG_JSON='{"shift":3.0,"sampler":16}' /Users/kevinyang/dev/video-gen-kb/scripts/dt_diptych.sh - /Users/kevinyang/dev/video-gen-kb/projects/kyle_firstflight/v1-lora-cli/seed/skiff.png /Users/kevinyang/dev/video-gen-kb/projects/kyle_firstflight/v1-lora-cli/.gen/s4.txt /Users/kevinyang/dev/video-gen-kb/projects/kyle_firstflight/v1-lora-cli/seed/s4_c2.png 2 1024 576
/Users/kevinyang/dev/video-gen-kb/projects/kyle_firstflight/v1-lora-cli/seed/s4_c2.png
$ MODEL=flux_2_klein_9b_i8x.ckpt STEPS=4 CFG=1 STRENGTH=1.0 CONFIG_JSON='{"shift":3.0,"sampler":16}' /Users/kevinyang/dev/video-gen-kb/scripts/dt_diptych.sh - /Users/kevinyang/dev/video-gen-kb/projects/kyle_firstflight/v1-lora-cli/seed/skiff.png /Users/kevinyang/dev/video-gen-kb/projects/kyle_firstflight/v1-lora-cli/.gen/s4.txt /Users/kevinyang/dev/video-gen-kb/projects/kyle_firstflight/v1-lora-cli/seed/s4_c3.png 3 1024 576
/Users/kevinyang/dev/video-gen-kb/projects/kyle_firstflight/v1-lora-cli/seed/s4_c3.png
$ MODEL=flux_2_klein_9b_i8x.ckpt STEPS=4 CFG=1 STRENGTH=1.0 CONFIG_JSON='{"shift":3.0,"sampler":16}' /Users/kevinyang/dev/video-gen-kb/scripts/dt_diptych.sh - /Users/kevinyang/dev/video-gen-kb/projects/kyle_firstflight/v1-lora-cli/seed/skiff.png /Users/kevinyang/dev/video-gen-kb/projects/kyle_firstflight/v1-lora-cli/.gen/s4.txt /Users/kevinyang/dev/video-gen-kb/projects/kyle_firstflight/v1-lora-cli/seed/s4_c4.png 4 1024 576
/Users/kevinyang/dev/video-gen-kb/projects/kyle_firstflight/v1-lora-cli/seed/s4_c4.png
$ MODEL=flux_2_klein_9b_i8x.ckpt STEPS=4 CFG=1 STRENGTH=1.0 CONFIG_JSON='{"shift":3.0,"sampler":16}' /Users/kevinyang/dev/video-gen-kb/scripts/dt_diptych.sh - /Users/kevinyang/dev/video-gen-kb/projects/kyle_firstflight/v1-lora-cli/seed/skiff.png /Users/kevinyang/dev/video-gen-kb/projects/kyle_firstflight/v1-lora-cli/.gen/s4.txt /Users/kevinyang/dev/video-gen-kb/projects/kyle_firstflight/v1-lora-cli/seed/s4_c5.png 5 1024 576
/Users/kevinyang/dev/video-gen-kb/projects/kyle_firstflight/v1-lora-cli/seed/s4_c5.png
$ MODEL=flux_2_klein_9b_i8x.ckpt STEPS=4 CFG=1 STRENGTH=1.0 CONFIG_JSON='{"shift":3.0,"sampler":16,"loras":[{"file":"kyle_lora_v2_2500_lora_f32.ckpt","weight":1.0}]}' /Users/kevinyang/dev/video-gen-kb/scripts/dt_diptych.sh - /Users/kevinyang/dev/video-gen-kb/projects/kyle_firstflight/v1-lora-cli/seed/kyle.png /Users/kevinyang/dev/video-gen-kb/projects/kyle_firstflight/v1-lora-cli/.gen/s5.txt /Users/kevinyang/dev/video-gen-kb/projects/kyle_firstflight/v1-lora-cli/seed/s5_c1.png 1 1024 576
/Users/kevinyang/dev/video-gen-kb/projects/kyle_firstflight/v1-lora-cli/seed/s5_c1.png
$ MODEL=flux_2_klein_9b_i8x.ckpt STEPS=4 CFG=1 STRENGTH=1.0 CONFIG_JSON='{"shift":3.0,"sampler":16,"loras":[{"file":"kyle_lora_v2_2500_lora_f32.ckpt","weight":1.0}]}' /Users/kevinyang/dev/video-gen-kb/scripts/dt_diptych.sh - /Users/kevinyang/dev/video-gen-kb/projects/kyle_firstflight/v1-lora-cli/seed/kyle.png /Users/kevinyang/dev/video-gen-kb/projects/kyle_firstflight/v1-lora-cli/.gen/s5.txt /Users/kevinyang/dev/video-gen-kb/projects/kyle_firstflight/v1-lora-cli/seed/s5_c2.png 2 1024 576
/Users/kevinyang/dev/video-gen-kb/projects/kyle_firstflight/v1-lora-cli/seed/s5_c2.png
$ MODEL=flux_2_klein_9b_i8x.ckpt STEPS=4 CFG=1 STRENGTH=1.0 CONFIG_JSON='{"shift":3.0,"sampler":16,"loras":[{"file":"kyle_lora_v2_2500_lora_f32.ckpt","weight":1.0}]}' /Users/kevinyang/dev/video-gen-kb/scripts/dt_diptych.sh - /Users/kevinyang/dev/video-gen-kb/projects/kyle_firstflight/v1-lora-cli/seed/kyle.png /Users/kevinyang/dev/video-gen-kb/projects/kyle_firstflight/v1-lora-cli/.gen/s5.txt /Users/kevinyang/dev/video-gen-kb/projects/kyle_firstflight/v1-lora-cli/seed/s5_c3.png 3 1024 576
/Users/kevinyang/dev/video-gen-kb/projects/kyle_firstflight/v1-lora-cli/seed/s5_c3.png
$ MODEL=flux_2_klein_9b_i8x.ckpt STEPS=4 CFG=1 STRENGTH=1.0 CONFIG_JSON='{"shift":3.0,"sampler":16,"loras":[{"file":"kyle_lora_v2_2500_lora_f32.ckpt","weight":1.0}]}' /Users/kevinyang/dev/video-gen-kb/scripts/dt_diptych.sh - /Users/kevinyang/dev/video-gen-kb/projects/kyle_firstflight/v1-lora-cli/seed/kyle.png /Users/kevinyang/dev/video-gen-kb/projects/kyle_firstflight/v1-lora-cli/.gen/s5.txt /Users/kevinyang/dev/video-gen-kb/projects/kyle_firstflight/v1-lora-cli/seed/s5_c4.png 4 1024 576
/Users/kevinyang/dev/video-gen-kb/projects/kyle_firstflight/v1-lora-cli/seed/s5_c4.png
$ MODEL=flux_2_klein_9b_i8x.ckpt STEPS=4 CFG=1 STRENGTH=1.0 CONFIG_JSON='{"shift":3.0,"sampler":16,"loras":[{"file":"kyle_lora_v2_2500_lora_f32.ckpt","weight":1.0}]}' /Users/kevinyang/dev/video-gen-kb/scripts/dt_diptych.sh - /Users/kevinyang/dev/video-gen-kb/projects/kyle_firstflight/v1-lora-cli/seed/kyle.png /Users/kevinyang/dev/video-gen-kb/projects/kyle_firstflight/v1-lora-cli/.gen/s5.txt /Users/kevinyang/dev/video-gen-kb/projects/kyle_firstflight/v1-lora-cli/seed/s5_c5.png 5 1024 576
/Users/kevinyang/dev/video-gen-kb/projects/kyle_firstflight/v1-lora-cli/seed/s5_c5.png
$ MODEL=flux_2_klein_9b_i8x.ckpt STEPS=4 CFG=1 STRENGTH=1.0 CONFIG_JSON='{"shift":3.0,"sampler":16,"loras":[{"file":"kyle_lora_v2_2500_lora_f32.ckpt","weight":0.6}]}' /Users/kevinyang/dev/video-gen-kb/scripts/dt_diptych.sh - /Users/kevinyang/dev/video-gen-kb/projects/kyle_firstflight/v1-lora-cli/seed/yard.png /Users/kevinyang/dev/video-gen-kb/projects/kyle_firstflight/v1-lora-cli/.gen/s6.txt /Users/kevinyang/dev/video-gen-kb/projects/kyle_firstflight/v1-lora-cli/seed/s6_c1.png 1 1024 576
/Users/kevinyang/dev/video-gen-kb/projects/kyle_firstflight/v1-lora-cli/seed/s6_c1.png
$ MODEL=flux_2_klein_9b_i8x.ckpt STEPS=4 CFG=1 STRENGTH=1.0 CONFIG_JSON='{"shift":3.0,"sampler":16,"loras":[{"file":"kyle_lora_v2_2500_lora_f32.ckpt","weight":0.6}]}' /Users/kevinyang/dev/video-gen-kb/scripts/dt_diptych.sh - /Users/kevinyang/dev/video-gen-kb/projects/kyle_firstflight/v1-lora-cli/seed/yard.png /Users/kevinyang/dev/video-gen-kb/projects/kyle_firstflight/v1-lora-cli/.gen/s6.txt /Users/kevinyang/dev/video-gen-kb/projects/kyle_firstflight/v1-lora-cli/seed/s6_c2.png 2 1024 576
/Users/kevinyang/dev/video-gen-kb/projects/kyle_firstflight/v1-lora-cli/seed/s6_c2.png
$ MODEL=flux_2_klein_9b_i8x.ckpt STEPS=4 CFG=1 STRENGTH=1.0 CONFIG_JSON='{"shift":3.0,"sampler":16,"loras":[{"file":"kyle_lora_v2_2500_lora_f32.ckpt","weight":0.6}]}' /Users/kevinyang/dev/video-gen-kb/scripts/dt_diptych.sh - /Users/kevinyang/dev/video-gen-kb/projects/kyle_firstflight/v1-lora-cli/seed/yard.png /Users/kevinyang/dev/video-gen-kb/projects/kyle_firstflight/v1-lora-cli/.gen/s6.txt /Users/kevinyang/dev/video-gen-kb/projects/kyle_firstflight/v1-lora-cli/seed/s6_c3.png 3 1024 576
/Users/kevinyang/dev/video-gen-kb/projects/kyle_firstflight/v1-lora-cli/seed/s6_c3.png
$ MODEL=flux_2_klein_9b_i8x.ckpt STEPS=4 CFG=1 STRENGTH=1.0 CONFIG_JSON='{"shift":3.0,"sampler":16,"loras":[{"file":"kyle_lora_v2_2500_lora_f32.ckpt","weight":0.6}]}' /Users/kevinyang/dev/video-gen-kb/scripts/dt_diptych.sh - /Users/kevinyang/dev/video-gen-kb/projects/kyle_firstflight/v1-lora-cli/seed/yard.png /Users/kevinyang/dev/video-gen-kb/projects/kyle_firstflight/v1-lora-cli/.gen/s6.txt /Users/kevinyang/dev/video-gen-kb/projects/kyle_firstflight/v1-lora-cli/seed/s6_c4.png 4 1024 576
/Users/kevinyang/dev/video-gen-kb/projects/kyle_firstflight/v1-lora-cli/seed/s6_c4.png
$ MODEL=flux_2_klein_9b_i8x.ckpt STEPS=4 CFG=1 STRENGTH=1.0 CONFIG_JSON='{"shift":3.0,"sampler":16,"loras":[{"file":"kyle_lora_v2_2500_lora_f32.ckpt","weight":0.6}]}' /Users/kevinyang/dev/video-gen-kb/scripts/dt_diptych.sh - /Users/kevinyang/dev/video-gen-kb/projects/kyle_firstflight/v1-lora-cli/seed/yard.png /Users/kevinyang/dev/video-gen-kb/projects/kyle_firstflight/v1-lora-cli/.gen/s6.txt /Users/kevinyang/dev/video-gen-kb/projects/kyle_firstflight/v1-lora-cli/seed/s6_c5.png 5 1024 576
/Users/kevinyang/dev/video-gen-kb/projects/kyle_firstflight/v1-lora-cli/seed/s6_c5.png
$ MODEL=flux_2_klein_9b_i8x.ckpt STEPS=4 CFG=1 STRENGTH=1.0 CONFIG_JSON='{"shift":3.0,"sampler":16,"loras":[{"file":"kyle_lora_v2_2500_lora_f32.ckpt","weight":0.6}]}' /Users/kevinyang/dev/video-gen-kb/scripts/dt_diptych.sh - /Users/kevinyang/dev/video-gen-kb/projects/kyle_firstflight/v1-lora-cli/seed/dunes.png /Users/kevinyang/dev/video-gen-kb/projects/kyle_firstflight/v1-lora-cli/.gen/s7.txt /Users/kevinyang/dev/video-gen-kb/projects/kyle_firstflight/v1-lora-cli/seed/s7_c1.png 1 1024 576
/Users/kevinyang/dev/video-gen-kb/projects/kyle_firstflight/v1-lora-cli/seed/s7_c1.png
$ MODEL=flux_2_klein_9b_i8x.ckpt STEPS=4 CFG=1 STRENGTH=1.0 CONFIG_JSON='{"shift":3.0,"sampler":16,"loras":[{"file":"kyle_lora_v2_2500_lora_f32.ckpt","weight":0.6}]}' /Users/kevinyang/dev/video-gen-kb/scripts/dt_diptych.sh - /Users/kevinyang/dev/video-gen-kb/projects/kyle_firstflight/v1-lora-cli/seed/dunes.png /Users/kevinyang/dev/video-gen-kb/projects/kyle_firstflight/v1-lora-cli/.gen/s7.txt /Users/kevinyang/dev/video-gen-kb/projects/kyle_firstflight/v1-lora-cli/seed/s7_c2.png 2 1024 576
/Users/kevinyang/dev/video-gen-kb/projects/kyle_firstflight/v1-lora-cli/seed/s7_c2.png
$ MODEL=flux_2_klein_9b_i8x.ckpt STEPS=4 CFG=1 STRENGTH=1.0 CONFIG_JSON='{"shift":3.0,"sampler":16,"loras":[{"file":"kyle_lora_v2_2500_lora_f32.ckpt","weight":0.6}]}' /Users/kevinyang/dev/video-gen-kb/scripts/dt_diptych.sh - /Users/kevinyang/dev/video-gen-kb/projects/kyle_firstflight/v1-lora-cli/seed/dunes.png /Users/kevinyang/dev/video-gen-kb/projects/kyle_firstflight/v1-lora-cli/.gen/s7.txt /Users/kevinyang/dev/video-gen-kb/projects/kyle_firstflight/v1-lora-cli/seed/s7_c3.png 3 1024 576
/Users/kevinyang/dev/video-gen-kb/projects/kyle_firstflight/v1-lora-cli/seed/s7_c3.png
$ MODEL=flux_2_klein_9b_i8x.ckpt STEPS=4 CFG=1 STRENGTH=1.0 CONFIG_JSON='{"shift":3.0,"sampler":16,"loras":[{"file":"kyle_lora_v2_2500_lora_f32.ckpt","weight":0.6}]}' /Users/kevinyang/dev/video-gen-kb/scripts/dt_diptych.sh - /Users/kevinyang/dev/video-gen-kb/projects/kyle_firstflight/v1-lora-cli/seed/dunes.png /Users/kevinyang/dev/video-gen-kb/projects/kyle_firstflight/v1-lora-cli/.gen/s7.txt /Users/kevinyang/dev/video-gen-kb/projects/kyle_firstflight/v1-lora-cli/seed/s7_c4.png 4 1024 576
/Users/kevinyang/dev/video-gen-kb/projects/kyle_firstflight/v1-lora-cli/seed/s7_c4.png
$ MODEL=flux_2_klein_9b_i8x.ckpt STEPS=4 CFG=1 STRENGTH=1.0 CONFIG_JSON='{"shift":3.0,"sampler":16,"loras":[{"file":"kyle_lora_v2_2500_lora_f32.ckpt","weight":0.6}]}' /Users/kevinyang/dev/video-gen-kb/scripts/dt_diptych.sh - /Users/kevinyang/dev/video-gen-kb/projects/kyle_firstflight/v1-lora-cli/seed/dunes.png /Users/kevinyang/dev/video-gen-kb/projects/kyle_firstflight/v1-lora-cli/.gen/s7.txt /Users/kevinyang/dev/video-gen-kb/projects/kyle_firstflight/v1-lora-cli/seed/s7_c5.png 5 1024 576
/Users/kevinyang/dev/video-gen-kb/projects/kyle_firstflight/v1-lora-cli/seed/s7_c5.png
$ MODEL=flux_2_klein_9b_i8x.ckpt STEPS=4 CFG=1 STRENGTH=1.0 CONFIG_JSON='{"shift":3.0,"sampler":16}' /Users/kevinyang/dev/video-gen-kb/scripts/dt_diptych.sh - /Users/kevinyang/dev/video-gen-kb/projects/kyle_firstflight/v1-lora-cli/seed/dunes.png /Users/kevinyang/dev/video-gen-kb/projects/kyle_firstflight/v1-lora-cli/.gen/s8.txt /Users/kevinyang/dev/video-gen-kb/projects/kyle_firstflight/v1-lora-cli/seed/s8_c1.png 1 1024 576
/Users/kevinyang/dev/video-gen-kb/projects/kyle_firstflight/v1-lora-cli/seed/s8_c1.png
$ MODEL=flux_2_klein_9b_i8x.ckpt STEPS=4 CFG=1 STRENGTH=1.0 CONFIG_JSON='{"shift":3.0,"sampler":16}' /Users/kevinyang/dev/video-gen-kb/scripts/dt_diptych.sh - /Users/kevinyang/dev/video-gen-kb/projects/kyle_firstflight/v1-lora-cli/seed/dunes.png /Users/kevinyang/dev/video-gen-kb/projects/kyle_firstflight/v1-lora-cli/.gen/s8.txt /Users/kevinyang/dev/video-gen-kb/projects/kyle_firstflight/v1-lora-cli/seed/s8_c2.png 2 1024 576
/Users/kevinyang/dev/video-gen-kb/projects/kyle_firstflight/v1-lora-cli/seed/s8_c2.png
$ MODEL=flux_2_klein_9b_i8x.ckpt STEPS=4 CFG=1 STRENGTH=1.0 CONFIG_JSON='{"shift":3.0,"sampler":16}' /Users/kevinyang/dev/video-gen-kb/scripts/dt_diptych.sh - /Users/kevinyang/dev/video-gen-kb/projects/kyle_firstflight/v1-lora-cli/seed/dunes.png /Users/kevinyang/dev/video-gen-kb/projects/kyle_firstflight/v1-lora-cli/.gen/s8.txt /Users/kevinyang/dev/video-gen-kb/projects/kyle_firstflight/v1-lora-cli/seed/s8_c3.png 3 1024 576
/Users/kevinyang/dev/video-gen-kb/projects/kyle_firstflight/v1-lora-cli/seed/s8_c3.png
$ MODEL=flux_2_klein_9b_i8x.ckpt STEPS=4 CFG=1 STRENGTH=1.0 CONFIG_JSON='{"shift":3.0,"sampler":16}' /Users/kevinyang/dev/video-gen-kb/scripts/dt_diptych.sh - /Users/kevinyang/dev/video-gen-kb/projects/kyle_firstflight/v1-lora-cli/seed/dunes.png /Users/kevinyang/dev/video-gen-kb/projects/kyle_firstflight/v1-lora-cli/.gen/s8.txt /Users/kevinyang/dev/video-gen-kb/projects/kyle_firstflight/v1-lora-cli/seed/s8_c4.png 4 1024 576
/Users/kevinyang/dev/video-gen-kb/projects/kyle_firstflight/v1-lora-cli/seed/s8_c4.png
$ MODEL=flux_2_klein_9b_i8x.ckpt STEPS=4 CFG=1 STRENGTH=1.0 CONFIG_JSON='{"shift":3.0,"sampler":16}' /Users/kevinyang/dev/video-gen-kb/scripts/dt_diptych.sh - /Users/kevinyang/dev/video-gen-kb/projects/kyle_firstflight/v1-lora-cli/seed/dunes.png /Users/kevinyang/dev/video-gen-kb/projects/kyle_firstflight/v1-lora-cli/.gen/s8.txt /Users/kevinyang/dev/video-gen-kb/projects/kyle_firstflight/v1-lora-cli/seed/s8_c5.png 5 1024 576
/Users/kevinyang/dev/video-gen-kb/projects/kyle_firstflight/v1-lora-cli/seed/s8_c5.png
s1: 5 candidates -> projects/kyle_firstflight/v1-lora-cli/seed/s1_sheet.png
s2: 5 candidates -> projects/kyle_firstflight/v1-lora-cli/seed/s2_sheet.png
s3: 5 candidates -> projects/kyle_firstflight/v1-lora-cli/seed/s3_sheet.png
s4: 5 candidates -> projects/kyle_firstflight/v1-lora-cli/seed/s4_sheet.png
s5: 5 candidates -> projects/kyle_firstflight/v1-lora-cli/seed/s5_sheet.png
s6: 5 candidates -> projects/kyle_firstflight/v1-lora-cli/seed/s6_sheet.png
s7: 5 candidates -> projects/kyle_firstflight/v1-lora-cli/seed/s7_sheet.png
s8: 5 candidates -> projects/kyle_firstflight/v1-lora-cli/seed/s8_sheet.png
PHASE stills-done 14:22
PHASE s5-redo 17:20
$ MODEL=flux_2_klein_9b_i8x.ckpt STEPS=4 CFG=1 STRENGTH=1.0 CONFIG_JSON='{"shift":3.0,"sampler":16,"loras":[{"file":"kyle_lora_v2_2500_lora_f32.ckpt","weight":1.0}]}' /Users/kevinyang/dev/video-gen-kb/scripts/dt_diptych.sh - /Users/kevinyang/dev/video-gen-kb/projects/kyle_firstflight/v1-lora-cli/seed/kyle.png /Users/kevinyang/dev/video-gen-kb/projects/kyle_firstflight/v1-lora-cli/.gen/s5.txt /Users/kevinyang/dev/video-gen-kb/projects/kyle_firstflight/v1-lora-cli/seed/s5_c1.png 1 1024 576
/Users/kevinyang/dev/video-gen-kb/projects/kyle_firstflight/v1-lora-cli/seed/s5_c1.png
$ MODEL=flux_2_klein_9b_i8x.ckpt STEPS=4 CFG=1 STRENGTH=1.0 CONFIG_JSON='{"shift":3.0,"sampler":16,"loras":[{"file":"kyle_lora_v2_2500_lora_f32.ckpt","weight":1.0}]}' /Users/kevinyang/dev/video-gen-kb/scripts/dt_diptych.sh - /Users/kevinyang/dev/video-gen-kb/projects/kyle_firstflight/v1-lora-cli/seed/kyle.png /Users/kevinyang/dev/video-gen-kb/projects/kyle_firstflight/v1-lora-cli/.gen/s5.txt /Users/kevinyang/dev/video-gen-kb/projects/kyle_firstflight/v1-lora-cli/seed/s5_c2.png 2 1024 576
PHASE s5-stills 17:21
$ MODEL=flux_2_klein_9b_i8x.ckpt STEPS=4 CFG=1 STRENGTH=1.0 CONFIG_JSON='{"shift":3.0,"sampler":16,"loras":[{"file":"kyle_lora_v2_2500_lora_f32.ckpt","weight":1.0}]}' /Users/kevinyang/dev/video-gen-kb/scripts/dt_diptych.sh - /Users/kevinyang/dev/video-gen-kb/projects/kyle_firstflight/v1-lora-cli/seed/kyle.png /Users/kevinyang/dev/video-gen-kb/projects/kyle_firstflight/v1-lora-cli/.gen/s5.txt /Users/kevinyang/dev/video-gen-kb/projects/kyle_firstflight/v1-lora-cli/seed/s5_c1.png 1 1024 576
/Users/kevinyang/dev/video-gen-kb/projects/kyle_firstflight/v1-lora-cli/seed/s5_c1.png
$ MODEL=flux_2_klein_9b_i8x.ckpt STEPS=4 CFG=1 STRENGTH=1.0 CONFIG_JSON='{"shift":3.0,"sampler":16,"loras":[{"file":"kyle_lora_v2_2500_lora_f32.ckpt","weight":1.0}]}' /Users/kevinyang/dev/video-gen-kb/scripts/dt_diptych.sh - /Users/kevinyang/dev/video-gen-kb/projects/kyle_firstflight/v1-lora-cli/seed/kyle.png /Users/kevinyang/dev/video-gen-kb/projects/kyle_firstflight/v1-lora-cli/.gen/s5.txt /Users/kevinyang/dev/video-gen-kb/projects/kyle_firstflight/v1-lora-cli/seed/s5_c2.png 2 1024 576
/Users/kevinyang/dev/video-gen-kb/projects/kyle_firstflight/v1-lora-cli/seed/s5_c2.png
$ MODEL=flux_2_klein_9b_i8x.ckpt STEPS=4 CFG=1 STRENGTH=1.0 CONFIG_JSON='{"shift":3.0,"sampler":16,"loras":[{"file":"kyle_lora_v2_2500_lora_f32.ckpt","weight":1.0}]}' /Users/kevinyang/dev/video-gen-kb/scripts/dt_diptych.sh - /Users/kevinyang/dev/video-gen-kb/projects/kyle_firstflight/v1-lora-cli/seed/kyle.png /Users/kevinyang/dev/video-gen-kb/projects/kyle_firstflight/v1-lora-cli/.gen/s5.txt /Users/kevinyang/dev/video-gen-kb/projects/kyle_firstflight/v1-lora-cli/seed/s5_c3.png 3 1024 576
/Users/kevinyang/dev/video-gen-kb/projects/kyle_firstflight/v1-lora-cli/seed/s5_c3.png
$ MODEL=flux_2_klein_9b_i8x.ckpt STEPS=4 CFG=1 STRENGTH=1.0 CONFIG_JSON='{"shift":3.0,"sampler":16,"loras":[{"file":"kyle_lora_v2_2500_lora_f32.ckpt","weight":1.0}]}' /Users/kevinyang/dev/video-gen-kb/scripts/dt_diptych.sh - /Users/kevinyang/dev/video-gen-kb/projects/kyle_firstflight/v1-lora-cli/seed/kyle.png /Users/kevinyang/dev/video-gen-kb/projects/kyle_firstflight/v1-lora-cli/.gen/s5.txt /Users/kevinyang/dev/video-gen-kb/projects/kyle_firstflight/v1-lora-cli/seed/s5_c4.png 4 1024 576
PHASE s5-stills 17:25
$ MODEL=flux_2_klein_9b_i8x.ckpt STEPS=4 CFG=1 STRENGTH=1.0 CONFIG_JSON='{"shift":3.0,"sampler":16,"loras":[{"file":"kyle_lora_v2_2500_lora_f32.ckpt","weight":1.0}]}' /Users/kevinyang/dev/video-gen-kb/scripts/dt_diptych.sh - /Users/kevinyang/dev/video-gen-kb/projects/kyle_firstflight/v1-lora-cli/seed/kyle.png /Users/kevinyang/dev/video-gen-kb/projects/kyle_firstflight/v1-lora-cli/.gen/s5.txt /Users/kevinyang/dev/video-gen-kb/projects/kyle_firstflight/v1-lora-cli/seed/s5_c1.png 1 1024 576
/Users/kevinyang/dev/video-gen-kb/projects/kyle_firstflight/v1-lora-cli/seed/s5_c1.png
$ MODEL=flux_2_klein_9b_i8x.ckpt STEPS=4 CFG=1 STRENGTH=1.0 CONFIG_JSON='{"shift":3.0,"sampler":16,"loras":[{"file":"kyle_lora_v2_2500_lora_f32.ckpt","weight":1.0}]}' /Users/kevinyang/dev/video-gen-kb/scripts/dt_diptych.sh - /Users/kevinyang/dev/video-gen-kb/projects/kyle_firstflight/v1-lora-cli/seed/kyle.png /Users/kevinyang/dev/video-gen-kb/projects/kyle_firstflight/v1-lora-cli/.gen/s5.txt /Users/kevinyang/dev/video-gen-kb/projects/kyle_firstflight/v1-lora-cli/seed/s5_c2.png 2 1024 576
/Users/kevinyang/dev/video-gen-kb/projects/kyle_firstflight/v1-lora-cli/seed/s5_c2.png
$ MODEL=flux_2_klein_9b_i8x.ckpt STEPS=4 CFG=1 STRENGTH=1.0 CONFIG_JSON='{"shift":3.0,"sampler":16,"loras":[{"file":"kyle_lora_v2_2500_lora_f32.ckpt","weight":1.0}]}' /Users/kevinyang/dev/video-gen-kb/scripts/dt_diptych.sh - /Users/kevinyang/dev/video-gen-kb/projects/kyle_firstflight/v1-lora-cli/seed/kyle.png /Users/kevinyang/dev/video-gen-kb/projects/kyle_firstflight/v1-lora-cli/.gen/s5.txt /Users/kevinyang/dev/video-gen-kb/projects/kyle_firstflight/v1-lora-cli/seed/s5_c3.png 3 1024 576
/Users/kevinyang/dev/video-gen-kb/projects/kyle_firstflight/v1-lora-cli/seed/s5_c3.png
$ MODEL=flux_2_klein_9b_i8x.ckpt STEPS=4 CFG=1 STRENGTH=1.0 CONFIG_JSON='{"shift":3.0,"sampler":16,"loras":[{"file":"kyle_lora_v2_2500_lora_f32.ckpt","weight":1.0}]}' /Users/kevinyang/dev/video-gen-kb/scripts/dt_diptych.sh - /Users/kevinyang/dev/video-gen-kb/projects/kyle_firstflight/v1-lora-cli/seed/kyle.png /Users/kevinyang/dev/video-gen-kb/projects/kyle_firstflight/v1-lora-cli/.gen/s5.txt /Users/kevinyang/dev/video-gen-kb/projects/kyle_firstflight/v1-lora-cli/seed/s5_c4.png 4 1024 576
/Users/kevinyang/dev/video-gen-kb/projects/kyle_firstflight/v1-lora-cli/seed/s5_c4.png
$ MODEL=flux_2_klein_9b_i8x.ckpt STEPS=4 CFG=1 STRENGTH=1.0 CONFIG_JSON='{"shift":3.0,"sampler":16,"loras":[{"file":"kyle_lora_v2_2500_lora_f32.ckpt","weight":1.0}]}' /Users/kevinyang/dev/video-gen-kb/scripts/dt_diptych.sh - /Users/kevinyang/dev/video-gen-kb/projects/kyle_firstflight/v1-lora-cli/seed/kyle.png /Users/kevinyang/dev/video-gen-kb/projects/kyle_firstflight/v1-lora-cli/.gen/s5.txt /Users/kevinyang/dev/video-gen-kb/projects/kyle_firstflight/v1-lora-cli/seed/s5_c5.png 5 1024 576
/Users/kevinyang/dev/video-gen-kb/projects/kyle_firstflight/v1-lora-cli/seed/s5_c5.png
$ MODEL=flux_2_klein_9b_i8x.ckpt STEPS=4 CFG=1 STRENGTH=1.0 CONFIG_JSON='{"shift":3.0,"sampler":16,"loras":[{"file":"kyle_lora_v2_2500_lora_f32.ckpt","weight":0.6}]}' /Users/kevinyang/dev/video-gen-kb/scripts/dt_diptych.sh - /Users/kevinyang/dev/video-gen-kb/projects/kyle_firstflight/v1-lora-cli/seed/dunes.png /Users/kevinyang/dev/video-gen-kb/projects/kyle_firstflight/v1-lora-cli/.gen/s7.txt /Users/kevinyang/dev/video-gen-kb/projects/kyle_firstflight/v1-lora-cli/seed/s7_c1.png 1 1024 576
/Users/kevinyang/dev/video-gen-kb/projects/kyle_firstflight/v1-lora-cli/seed/s7_c1.png
$ MODEL=flux_2_klein_9b_i8x.ckpt STEPS=4 CFG=1 STRENGTH=1.0 CONFIG_JSON='{"shift":3.0,"sampler":16,"loras":[{"file":"kyle_lora_v2_2500_lora_f32.ckpt","weight":0.6}]}' /Users/kevinyang/dev/video-gen-kb/scripts/dt_diptych.sh - /Users/kevinyang/dev/video-gen-kb/projects/kyle_firstflight/v1-lora-cli/seed/dunes.png /Users/kevinyang/dev/video-gen-kb/projects/kyle_firstflight/v1-lora-cli/.gen/s7.txt /Users/kevinyang/dev/video-gen-kb/projects/kyle_firstflight/v1-lora-cli/seed/s7_c2.png 2 1024 576
/Users/kevinyang/dev/video-gen-kb/projects/kyle_firstflight/v1-lora-cli/seed/s7_c2.png
$ MODEL=flux_2_klein_9b_i8x.ckpt STEPS=4 CFG=1 STRENGTH=1.0 CONFIG_JSON='{"shift":3.0,"sampler":16,"loras":[{"file":"kyle_lora_v2_2500_lora_f32.ckpt","weight":0.6}]}' /Users/kevinyang/dev/video-gen-kb/scripts/dt_diptych.sh - /Users/kevinyang/dev/video-gen-kb/projects/kyle_firstflight/v1-lora-cli/seed/dunes.png /Users/kevinyang/dev/video-gen-kb/projects/kyle_firstflight/v1-lora-cli/.gen/s7.txt /Users/kevinyang/dev/video-gen-kb/projects/kyle_firstflight/v1-lora-cli/seed/s7_c3.png 3 1024 576
/Users/kevinyang/dev/video-gen-kb/projects/kyle_firstflight/v1-lora-cli/seed/s7_c3.png
$ MODEL=flux_2_klein_9b_i8x.ckpt STEPS=4 CFG=1 STRENGTH=1.0 CONFIG_JSON='{"shift":3.0,"sampler":16,"loras":[{"file":"kyle_lora_v2_2500_lora_f32.ckpt","weight":0.6}]}' /Users/kevinyang/dev/video-gen-kb/scripts/dt_diptych.sh - /Users/kevinyang/dev/video-gen-kb/projects/kyle_firstflight/v1-lora-cli/seed/dunes.png /Users/kevinyang/dev/video-gen-kb/projects/kyle_firstflight/v1-lora-cli/.gen/s7.txt /Users/kevinyang/dev/video-gen-kb/projects/kyle_firstflight/v1-lora-cli/seed/s7_c4.png 4 1024 576
/Users/kevinyang/dev/video-gen-kb/projects/kyle_firstflight/v1-lora-cli/seed/s7_c4.png
$ MODEL=flux_2_klein_9b_i8x.ckpt STEPS=4 CFG=1 STRENGTH=1.0 CONFIG_JSON='{"shift":3.0,"sampler":16,"loras":[{"file":"kyle_lora_v2_2500_lora_f32.ckpt","weight":0.6}]}' /Users/kevinyang/dev/video-gen-kb/scripts/dt_diptych.sh - /Users/kevinyang/dev/video-gen-kb/projects/kyle_firstflight/v1-lora-cli/seed/dunes.png /Users/kevinyang/dev/video-gen-kb/projects/kyle_firstflight/v1-lora-cli/.gen/s7.txt /Users/kevinyang/dev/video-gen-kb/projects/kyle_firstflight/v1-lora-cli/seed/s7_c5.png 5 1024 576
/Users/kevinyang/dev/video-gen-kb/projects/kyle_firstflight/v1-lora-cli/seed/s7_c5.png
$ MODEL=flux_2_klein_9b_i8x.ckpt STEPS=4 CFG=1 STRENGTH=1.0 CONFIG_JSON='{"shift":3.0,"sampler":16}' /Users/kevinyang/dev/video-gen-kb/scripts/dt_diptych.sh - /Users/kevinyang/dev/video-gen-kb/projects/kyle_firstflight/v1-lora-cli/seed/dunes.png /Users/kevinyang/dev/video-gen-kb/projects/kyle_firstflight/v1-lora-cli/.gen/s8.txt /Users/kevinyang/dev/video-gen-kb/projects/kyle_firstflight/v1-lora-cli/seed/s8_c1.png 1 1024 576
/Users/kevinyang/dev/video-gen-kb/projects/kyle_firstflight/v1-lora-cli/seed/s8_c1.png
$ MODEL=flux_2_klein_9b_i8x.ckpt STEPS=4 CFG=1 STRENGTH=1.0 CONFIG_JSON='{"shift":3.0,"sampler":16}' /Users/kevinyang/dev/video-gen-kb/scripts/dt_diptych.sh - /Users/kevinyang/dev/video-gen-kb/projects/kyle_firstflight/v1-lora-cli/seed/dunes.png /Users/kevinyang/dev/video-gen-kb/projects/kyle_firstflight/v1-lora-cli/.gen/s8.txt /Users/kevinyang/dev/video-gen-kb/projects/kyle_firstflight/v1-lora-cli/seed/s8_c2.png 2 1024 576
/Users/kevinyang/dev/video-gen-kb/projects/kyle_firstflight/v1-lora-cli/seed/s8_c2.png
$ MODEL=flux_2_klein_9b_i8x.ckpt STEPS=4 CFG=1 STRENGTH=1.0 CONFIG_JSON='{"shift":3.0,"sampler":16}' /Users/kevinyang/dev/video-gen-kb/scripts/dt_diptych.sh - /Users/kevinyang/dev/video-gen-kb/projects/kyle_firstflight/v1-lora-cli/seed/dunes.png /Users/kevinyang/dev/video-gen-kb/projects/kyle_firstflight/v1-lora-cli/.gen/s8.txt /Users/kevinyang/dev/video-gen-kb/projects/kyle_firstflight/v1-lora-cli/seed/s8_c3.png 3 1024 576
/Users/kevinyang/dev/video-gen-kb/projects/kyle_firstflight/v1-lora-cli/seed/s8_c3.png
$ MODEL=flux_2_klein_9b_i8x.ckpt STEPS=4 CFG=1 STRENGTH=1.0 CONFIG_JSON='{"shift":3.0,"sampler":16}' /Users/kevinyang/dev/video-gen-kb/scripts/dt_diptych.sh - /Users/kevinyang/dev/video-gen-kb/projects/kyle_firstflight/v1-lora-cli/seed/dunes.png /Users/kevinyang/dev/video-gen-kb/projects/kyle_firstflight/v1-lora-cli/.gen/s8.txt /Users/kevinyang/dev/video-gen-kb/projects/kyle_firstflight/v1-lora-cli/seed/s8_c4.png 4 1024 576
/Users/kevinyang/dev/video-gen-kb/projects/kyle_firstflight/v1-lora-cli/seed/s8_c4.png
$ MODEL=flux_2_klein_9b_i8x.ckpt STEPS=4 CFG=1 STRENGTH=1.0 CONFIG_JSON='{"shift":3.0,"sampler":16}' /Users/kevinyang/dev/video-gen-kb/scripts/dt_diptych.sh - /Users/kevinyang/dev/video-gen-kb/projects/kyle_firstflight/v1-lora-cli/seed/dunes.png /Users/kevinyang/dev/video-gen-kb/projects/kyle_firstflight/v1-lora-cli/.gen/s8.txt /Users/kevinyang/dev/video-gen-kb/projects/kyle_firstflight/v1-lora-cli/seed/s8_c5.png 5 1024 576
/Users/kevinyang/dev/video-gen-kb/projects/kyle_firstflight/v1-lora-cli/seed/s8_c5.png
s5: 5 candidates -> projects/kyle_firstflight/v1-lora-cli/seed/s5_sheet.png
s7: 5 candidates -> projects/kyle_firstflight/v1-lora-cli/seed/s7_sheet.png
s8: 5 candidates -> projects/kyle_firstflight/v1-lora-cli/seed/s8_sheet.png
s5: picked seed 2 -> projects/kyle_firstflight/v1-lora-cli/stills/s5.png
PHASE stills-ready 17:36
PHASE s5-v3 17:37
$ MODEL=flux_2_klein_9b_i8x.ckpt STEPS=4 CFG=1 STRENGTH=1.0 CONFIG_JSON='{"shift":3.0,"sampler":16,"loras":[{"file":"kyle_lora_v2_2500_lora_f32.ckpt","weight":1.0}]}' /Users/kevinyang/dev/video-gen-kb/scripts/dt_diptych.sh - /Users/kevinyang/dev/video-gen-kb/projects/kyle_firstflight/v1-lora-cli/seed/kyle.png /Users/kevinyang/dev/video-gen-kb/projects/kyle_firstflight/v1-lora-cli/.gen/s5.txt /Users/kevinyang/dev/video-gen-kb/projects/kyle_firstflight/v1-lora-cli/seed/s5_c1.png 1 1024 576
/Users/kevinyang/dev/video-gen-kb/projects/kyle_firstflight/v1-lora-cli/seed/s5_c1.png
$ MODEL=flux_2_klein_9b_i8x.ckpt STEPS=4 CFG=1 STRENGTH=1.0 CONFIG_JSON='{"shift":3.0,"sampler":16,"loras":[{"file":"kyle_lora_v2_2500_lora_f32.ckpt","weight":1.0}]}' /Users/kevinyang/dev/video-gen-kb/scripts/dt_diptych.sh - /Users/kevinyang/dev/video-gen-kb/projects/kyle_firstflight/v1-lora-cli/seed/kyle.png /Users/kevinyang/dev/video-gen-kb/projects/kyle_firstflight/v1-lora-cli/.gen/s5.txt /Users/kevinyang/dev/video-gen-kb/projects/kyle_firstflight/v1-lora-cli/seed/s5_c2.png 2 1024 576
/Users/kevinyang/dev/video-gen-kb/projects/kyle_firstflight/v1-lora-cli/seed/s5_c2.png
$ MODEL=flux_2_klein_9b_i8x.ckpt STEPS=4 CFG=1 STRENGTH=1.0 CONFIG_JSON='{"shift":3.0,"sampler":16,"loras":[{"file":"kyle_lora_v2_2500_lora_f32.ckpt","weight":1.0}]}' /Users/kevinyang/dev/video-gen-kb/scripts/dt_diptych.sh - /Users/kevinyang/dev/video-gen-kb/projects/kyle_firstflight/v1-lora-cli/seed/kyle.png /Users/kevinyang/dev/video-gen-kb/projects/kyle_firstflight/v1-lora-cli/.gen/s5.txt /Users/kevinyang/dev/video-gen-kb/projects/kyle_firstflight/v1-lora-cli/seed/s5_c3.png 3 1024 576
/Users/kevinyang/dev/video-gen-kb/projects/kyle_firstflight/v1-lora-cli/seed/s5_c3.png
$ MODEL=flux_2_klein_9b_i8x.ckpt STEPS=4 CFG=1 STRENGTH=1.0 CONFIG_JSON='{"shift":3.0,"sampler":16,"loras":[{"file":"kyle_lora_v2_2500_lora_f32.ckpt","weight":1.0}]}' /Users/kevinyang/dev/video-gen-kb/scripts/dt_diptych.sh - /Users/kevinyang/dev/video-gen-kb/projects/kyle_firstflight/v1-lora-cli/seed/kyle.png /Users/kevinyang/dev/video-gen-kb/projects/kyle_firstflight/v1-lora-cli/.gen/s5.txt /Users/kevinyang/dev/video-gen-kb/projects/kyle_firstflight/v1-lora-cli/seed/s5_c4.png 4 1024 576
/Users/kevinyang/dev/video-gen-kb/projects/kyle_firstflight/v1-lora-cli/seed/s5_c4.png
$ MODEL=flux_2_klein_9b_i8x.ckpt STEPS=4 CFG=1 STRENGTH=1.0 CONFIG_JSON='{"shift":3.0,"sampler":16,"loras":[{"file":"kyle_lora_v2_2500_lora_f32.ckpt","weight":1.0}]}' /Users/kevinyang/dev/video-gen-kb/scripts/dt_diptych.sh - /Users/kevinyang/dev/video-gen-kb/projects/kyle_firstflight/v1-lora-cli/seed/kyle.png /Users/kevinyang/dev/video-gen-kb/projects/kyle_firstflight/v1-lora-cli/.gen/s5.txt /Users/kevinyang/dev/video-gen-kb/projects/kyle_firstflight/v1-lora-cli/seed/s5_c5.png 5 1024 576
/Users/kevinyang/dev/video-gen-kb/projects/kyle_firstflight/v1-lora-cli/seed/s5_c5.png
s5: 5 candidates -> projects/kyle_firstflight/v1-lora-cli/seed/s5_sheet.png
s5: picked seed 1 -> projects/kyle_firstflight/v1-lora-cli/stills/s5.png
projects/kyle_firstflight/v1-lora-cli/seed/s5_c1.png 459.8
projects/kyle_firstflight/v1-lora-cli/seed/s5_c2.png 30.9
projects/kyle_firstflight/v1-lora-cli/seed/s5_c3.png 143.4
projects/kyle_firstflight/v1-lora-cli/seed/s5_c4.png 49.2
projects/kyle_firstflight/v1-lora-cli/seed/s5_c5.png 56.9
sharpest: projects/kyle_firstflight/v1-lora-cli/seed/s5_c1.png
PHASE clips 17:41
$ MODEL=ltx_2.3_22b_distilled_1.1_q8p.ckpt VIDEO_FORMAT=prores422hq STEPS=8 CFG=1 FRAMES=249 CONFIG_JSON='{"sampler":19,"shift":5.0,"stochasticSamplingGamma":0.3,"fps":25,"hiresFix":false}' /Users/kevinyang/dev/video-gen-kb/scripts/dt_clip.sh /Users/kevinyang/dev/video-gen-kb/projects/kyle_firstflight/v1-lora-cli/stills/s1.png /Users/kevinyang/dev/video-gen-kb/projects/kyle_firstflight/v1-lora-cli/.gen/s1_v.txt /Users/kevinyang/dev/video-gen-kb/projects/kyle_firstflight/v1-lora-cli/clips/s1_v1.mov 1 1024 576
dt_clip: /Users/kevinyang/dev/video-gen-kb/projects/kyle_firstflight/v1-lora-cli/clips/s1_v1.mov  1024x576  249 frames  603s
/Users/kevinyang/dev/video-gen-kb/projects/kyle_firstflight/v1-lora-cli/clips/s1_v1.mov
$ MODEL=ltx_2.3_22b_distilled_1.1_q8p.ckpt VIDEO_FORMAT=prores422hq STEPS=8 CFG=1 FRAMES=249 CONFIG_JSON='{"sampler":19,"shift":5.0,"stochasticSamplingGamma":0.3,"fps":25,"hiresFix":false}' /Users/kevinyang/dev/video-gen-kb/scripts/dt_clip.sh /Users/kevinyang/dev/video-gen-kb/projects/kyle_firstflight/v1-lora-cli/stills/s2.png /Users/kevinyang/dev/video-gen-kb/projects/kyle_firstflight/v1-lora-cli/.gen/s2_v.txt /Users/kevinyang/dev/video-gen-kb/projects/kyle_firstflight/v1-lora-cli/clips/s2_v1.mov 1 1024 576
dt_clip: /Users/kevinyang/dev/video-gen-kb/projects/kyle_firstflight/v1-lora-cli/clips/s2_v1.mov  1024x576  249 frames  603s
/Users/kevinyang/dev/video-gen-kb/projects/kyle_firstflight/v1-lora-cli/clips/s2_v1.mov
$ MODEL=ltx_2.3_22b_distilled_1.1_q8p.ckpt VIDEO_FORMAT=prores422hq STEPS=8 CFG=1 FRAMES=249 CONFIG_JSON='{"sampler":19,"shift":5.0,"stochasticSamplingGamma":0.3,"fps":25,"hiresFix":false}' /Users/kevinyang/dev/video-gen-kb/scripts/dt_clip.sh /Users/kevinyang/dev/video-gen-kb/projects/kyle_firstflight/v1-lora-cli/stills/s3.png /Users/kevinyang/dev/video-gen-kb/projects/kyle_firstflight/v1-lora-cli/.gen/s3_v.txt /Users/kevinyang/dev/video-gen-kb/projects/kyle_firstflight/v1-lora-cli/clips/s3_v1.mov 1 1024 576
dt_clip: /Users/kevinyang/dev/video-gen-kb/projects/kyle_firstflight/v1-lora-cli/clips/s3_v1.mov  1024x576  249 frames  607s
/Users/kevinyang/dev/video-gen-kb/projects/kyle_firstflight/v1-lora-cli/clips/s3_v1.mov
$ MODEL=ltx_2.3_22b_distilled_1.1_q8p.ckpt VIDEO_FORMAT=prores422hq STEPS=8 CFG=1 FRAMES=249 CONFIG_JSON='{"sampler":19,"shift":5.0,"stochasticSamplingGamma":0.3,"fps":25,"hiresFix":false}' /Users/kevinyang/dev/video-gen-kb/scripts/dt_clip.sh /Users/kevinyang/dev/video-gen-kb/projects/kyle_firstflight/v1-lora-cli/stills/s4.png /Users/kevinyang/dev/video-gen-kb/projects/kyle_firstflight/v1-lora-cli/.gen/s4_v.txt /Users/kevinyang/dev/video-gen-kb/projects/kyle_firstflight/v1-lora-cli/clips/s4_v1.mov 1 1024 576
dt_clip: /Users/kevinyang/dev/video-gen-kb/projects/kyle_firstflight/v1-lora-cli/clips/s4_v1.mov  1024x576  249 frames  595s
/Users/kevinyang/dev/video-gen-kb/projects/kyle_firstflight/v1-lora-cli/clips/s4_v1.mov
$ MODEL=ltx_2.3_22b_distilled_1.1_q8p.ckpt VIDEO_FORMAT=prores422hq STEPS=8 CFG=1 FRAMES=249 CONFIG_JSON='{"sampler":19,"shift":5.0,"stochasticSamplingGamma":0.3,"fps":25,"hiresFix":false}' /Users/kevinyang/dev/video-gen-kb/scripts/dt_clip.sh /Users/kevinyang/dev/video-gen-kb/projects/kyle_firstflight/v1-lora-cli/stills/s5.png /Users/kevinyang/dev/video-gen-kb/projects/kyle_firstflight/v1-lora-cli/.gen/s5_v.txt /Users/kevinyang/dev/video-gen-kb/projects/kyle_firstflight/v1-lora-cli/clips/s5_v1.mov 1 1024 576
dt_clip: /Users/kevinyang/dev/video-gen-kb/projects/kyle_firstflight/v1-lora-cli/clips/s5_v1.mov  1024x576  249 frames  596s
/Users/kevinyang/dev/video-gen-kb/projects/kyle_firstflight/v1-lora-cli/clips/s5_v1.mov
$ MODEL=ltx_2.3_22b_distilled_1.1_q8p.ckpt VIDEO_FORMAT=prores422hq STEPS=8 CFG=1 FRAMES=249 CONFIG_JSON='{"sampler":19,"shift":5.0,"stochasticSamplingGamma":0.3,"fps":25,"hiresFix":false}' /Users/kevinyang/dev/video-gen-kb/scripts/dt_clip.sh /Users/kevinyang/dev/video-gen-kb/projects/kyle_firstflight/v1-lora-cli/stills/s6.png /Users/kevinyang/dev/video-gen-kb/projects/kyle_firstflight/v1-lora-cli/.gen/s6_v.txt /Users/kevinyang/dev/video-gen-kb/projects/kyle_firstflight/v1-lora-cli/clips/s6_v1.mov 1 1024 576
dt_clip: /Users/kevinyang/dev/video-gen-kb/projects/kyle_firstflight/v1-lora-cli/clips/s6_v1.mov  1024x576  249 frames  596s
/Users/kevinyang/dev/video-gen-kb/projects/kyle_firstflight/v1-lora-cli/clips/s6_v1.mov
$ MODEL=ltx_2.3_22b_distilled_1.1_q8p.ckpt VIDEO_FORMAT=prores422hq STEPS=8 CFG=1 FRAMES=249 CONFIG_JSON='{"sampler":19,"shift":5.0,"stochasticSamplingGamma":0.3,"fps":25,"hiresFix":false}' /Users/kevinyang/dev/video-gen-kb/scripts/dt_clip.sh /Users/kevinyang/dev/video-gen-kb/projects/kyle_firstflight/v1-lora-cli/stills/s7.png /Users/kevinyang/dev/video-gen-kb/projects/kyle_firstflight/v1-lora-cli/.gen/s7_v.txt /Users/kevinyang/dev/video-gen-kb/projects/kyle_firstflight/v1-lora-cli/clips/s7_v1.mov 1 1024 576
dt_clip: /Users/kevinyang/dev/video-gen-kb/projects/kyle_firstflight/v1-lora-cli/clips/s7_v1.mov  1024x576  249 frames  600s
/Users/kevinyang/dev/video-gen-kb/projects/kyle_firstflight/v1-lora-cli/clips/s7_v1.mov
$ MODEL=ltx_2.3_22b_distilled_1.1_q8p.ckpt VIDEO_FORMAT=prores422hq STEPS=8 CFG=1 FRAMES=249 CONFIG_JSON='{"sampler":19,"shift":5.0,"stochasticSamplingGamma":0.3,"fps":25,"hiresFix":false}' /Users/kevinyang/dev/video-gen-kb/scripts/dt_clip.sh /Users/kevinyang/dev/video-gen-kb/projects/kyle_firstflight/v1-lora-cli/stills/s8.png /Users/kevinyang/dev/video-gen-kb/projects/kyle_firstflight/v1-lora-cli/.gen/s8_v.txt /Users/kevinyang/dev/video-gen-kb/projects/kyle_firstflight/v1-lora-cli/clips/s8_v1.mov 1 1024 576
dt_clip: /Users/kevinyang/dev/video-gen-kb/projects/kyle_firstflight/v1-lora-cli/clips/s8_v1.mov  1024x576  249 frames  601s
/Users/kevinyang/dev/video-gen-kb/projects/kyle_firstflight/v1-lora-cli/clips/s8_v1.mov
PHASE qc 19:02
$ /Users/kevinyang/dev/video-gen-kb/scripts/qc_sheet.sh /Users/kevinyang/dev/video-gen-kb/projects/kyle_firstflight/v1-lora-cli/clips/s1_v1.mov /Users/kevinyang/dev/video-gen-kb/projects/kyle_firstflight/v1-lora-cli/seed/s1_v1_qc.png /Users/kevinyang/dev/video-gen-kb/projects/kyle_firstflight/v1-lora-cli/seed/yard.png
/Users/kevinyang/dev/video-gen-kb/projects/kyle_firstflight/v1-lora-cli/seed/s1_v1_qc.png  (frames: 0 62 124 186 248 of 249; no end fade)
$ /Users/kevinyang/dev/video-gen-kb/scripts/qc_sheet.sh /Users/kevinyang/dev/video-gen-kb/projects/kyle_firstflight/v1-lora-cli/clips/s3_v1.mov /Users/kevinyang/dev/video-gen-kb/projects/kyle_firstflight/v1-lora-cli/seed/s3_v1_qc.png /Users/kevinyang/dev/video-gen-kb/projects/kyle_firstflight/v1-lora-cli/seed/skiff.png
/Users/kevinyang/dev/video-gen-kb/projects/kyle_firstflight/v1-lora-cli/seed/s3_v1_qc.png  (frames: 0 62 124 186 248 of 249; no end fade)
$ /Users/kevinyang/dev/video-gen-kb/scripts/qc_sheet.sh /Users/kevinyang/dev/video-gen-kb/projects/kyle_firstflight/v1-lora-cli/clips/s4_v1.mov /Users/kevinyang/dev/video-gen-kb/projects/kyle_firstflight/v1-lora-cli/seed/s4_v1_qc.png /Users/kevinyang/dev/video-gen-kb/projects/kyle_firstflight/v1-lora-cli/seed/skiff.png
/Users/kevinyang/dev/video-gen-kb/projects/kyle_firstflight/v1-lora-cli/seed/s4_v1_qc.png  (frames: 0 62 124 186 248 of 249; no end fade)
$ /Users/kevinyang/dev/video-gen-kb/scripts/qc_sheet.sh /Users/kevinyang/dev/video-gen-kb/projects/kyle_firstflight/v1-lora-cli/clips/s5_v1.mov /Users/kevinyang/dev/video-gen-kb/projects/kyle_firstflight/v1-lora-cli/seed/s5_v1_qc.png /Users/kevinyang/dev/video-gen-kb/projects/kyle_firstflight/v1-lora-cli/seed/kyle.png
/Users/kevinyang/dev/video-gen-kb/projects/kyle_firstflight/v1-lora-cli/seed/s5_v1_qc.png  (frames: 0 62 124 186 248 of 249; no end fade)
$ /Users/kevinyang/dev/video-gen-kb/scripts/qc_sheet.sh /Users/kevinyang/dev/video-gen-kb/projects/kyle_firstflight/v1-lora-cli/clips/s6_v1.mov /Users/kevinyang/dev/video-gen-kb/projects/kyle_firstflight/v1-lora-cli/seed/s6_v1_qc.png /Users/kevinyang/dev/video-gen-kb/projects/kyle_firstflight/v1-lora-cli/seed/yard.png
/Users/kevinyang/dev/video-gen-kb/projects/kyle_firstflight/v1-lora-cli/seed/s6_v1_qc.png  (frames: 0 62 124 186 248 of 249; no end fade)
$ /Users/kevinyang/dev/video-gen-kb/scripts/qc_sheet.sh /Users/kevinyang/dev/video-gen-kb/projects/kyle_firstflight/v1-lora-cli/clips/s7_v1.mov /Users/kevinyang/dev/video-gen-kb/projects/kyle_firstflight/v1-lora-cli/seed/s7_v1_qc.png /Users/kevinyang/dev/video-gen-kb/projects/kyle_firstflight/v1-lora-cli/seed/dunes.png
/Users/kevinyang/dev/video-gen-kb/projects/kyle_firstflight/v1-lora-cli/seed/s7_v1_qc.png  (frames: 0 62 124 186 248 of 249; END FADE from frame 148 = 5.92 s — trim before it)
$ /Users/kevinyang/dev/video-gen-kb/scripts/qc_sheet.sh /Users/kevinyang/dev/video-gen-kb/projects/kyle_firstflight/v1-lora-cli/clips/s8_v1.mov /Users/kevinyang/dev/video-gen-kb/projects/kyle_firstflight/v1-lora-cli/seed/s8_v1_qc.png /Users/kevinyang/dev/video-gen-kb/projects/kyle_firstflight/v1-lora-cli/seed/dunes.png
/Users/kevinyang/dev/video-gen-kb/projects/kyle_firstflight/v1-lora-cli/seed/s8_v1_qc.png  (frames: 0 62 124 186 248 of 249; END FADE from frame 181 = 7.24 s — trim before it)
PHASE finish 19:02
$ ffmpeg -nostdin -v error -y -i /Users/kevinyang/dev/video-gen-kb/projects/kyle_firstflight/v1-lora-cli/clips/s1_v1.mov -vf trim=start=0:end=9.5,setpts=PTS-STARTPTS -af atrim=start=0:end=9.5,asetpts=PTS-STARTPTS -c:v prores_ks -profile:v 3 -c:a pcm_s16le /Users/kevinyang/dev/video-gen-kb/projects/kyle_firstflight/v1-lora-cli/clips/s1_t.mov
$ W=3840 H=2160 FIT=crop BITRATE=40M KEEP_FRAMES=0 KEEP_AUDIO=1 /Users/kevinyang/dev/video-gen-kb/scripts/upscale_4k.sh /Users/kevinyang/dev/video-gen-kb/projects/kyle_firstflight/v1-lora-cli/clips/s1_t.mov /Users/kevinyang/dev/video-gen-kb/projects/kyle_firstflight/v1-lora-cli/clips/s1 realesrgan-x4plus
PHASE s2-retake 19:07
$ MODEL=ltx_2.3_22b_distilled_1.1_q8p.ckpt VIDEO_FORMAT=prores422hq STEPS=8 CFG=1 FRAMES=249 CONFIG_JSON='{"sampler":19,"shift":5.0,"stochasticSamplingGamma":0.3,"fps":25,"hiresFix":false}' /Users/kevinyang/dev/video-gen-kb/scripts/dt_clip.sh /Users/kevinyang/dev/video-gen-kb/projects/kyle_firstflight/v1-lora-cli/stills/s2.png /Users/kevinyang/dev/video-gen-kb/projects/kyle_firstflight/v1-lora-cli/.gen/s2_v.txt /Users/kevinyang/dev/video-gen-kb/projects/kyle_firstflight/v1-lora-cli/clips/s2_v1.mov 1 1024 576
dt_clip: /Users/kevinyang/dev/video-gen-kb/projects/kyle_firstflight/v1-lora-cli/clips/s2_v1.mov  1024x576  249 frames  599s
/Users/kevinyang/dev/video-gen-kb/projects/kyle_firstflight/v1-lora-cli/clips/s2_v1.mov
PHASE finish 19:17
$ ffmpeg -nostdin -v error -y -i /Users/kevinyang/dev/video-gen-kb/projects/kyle_firstflight/v1-lora-cli/clips/s1_v1.mov -vf trim=start=0:end=9.9,setpts=PTS-STARTPTS -af atrim=start=0:end=9.9,asetpts=PTS-STARTPTS -c:v prores_ks -profile:v 3 -c:a pcm_s16le /Users/kevinyang/dev/video-gen-kb/projects/kyle_firstflight/v1-lora-cli/clips/s1_t.mov
$ W=3840 H=2160 FIT=crop BITRATE=40M KEEP_FRAMES=0 KEEP_AUDIO=1 /Users/kevinyang/dev/video-gen-kb/scripts/upscale_4k.sh /Users/kevinyang/dev/video-gen-kb/projects/kyle_firstflight/v1-lora-cli/clips/s1_t.mov /Users/kevinyang/dev/video-gen-kb/projects/kyle_firstflight/v1-lora-cli/clips/s1 realesrgan-x4plus
hevc,3840,2160,yuv420p10le,248
4k: /Users/kevinyang/dev/video-gen-kb/projects/kyle_firstflight/v1-lora-cli/clips/s1_4k.mp4
$ ffmpeg -nostdin -v error -y -i /Users/kevinyang/dev/video-gen-kb/projects/kyle_firstflight/v1-lora-cli/clips/s2_v1.mov -vf trim=start=0:end=7.0,setpts=PTS-STARTPTS -af atrim=start=0:end=7.0,asetpts=PTS-STARTPTS -c:v prores_ks -profile:v 3 -c:a pcm_s16le /Users/kevinyang/dev/video-gen-kb/projects/kyle_firstflight/v1-lora-cli/clips/s2_t.mov
$ W=3840 H=2160 FIT=crop BITRATE=40M KEEP_FRAMES=0 KEEP_AUDIO=1 /Users/kevinyang/dev/video-gen-kb/scripts/upscale_4k.sh /Users/kevinyang/dev/video-gen-kb/projects/kyle_firstflight/v1-lora-cli/clips/s2_t.mov /Users/kevinyang/dev/video-gen-kb/projects/kyle_firstflight/v1-lora-cli/clips/s2 realesrgan-x4plus
hevc,3840,2160,yuv420p10le,175
4k: /Users/kevinyang/dev/video-gen-kb/projects/kyle_firstflight/v1-lora-cli/clips/s2_4k.mp4
$ ffmpeg -nostdin -v error -y -i /Users/kevinyang/dev/video-gen-kb/projects/kyle_firstflight/v1-lora-cli/clips/s3_v1.mov -vf trim=start=0:end=9.9,setpts=PTS-STARTPTS -af atrim=start=0:end=9.9,asetpts=PTS-STARTPTS -c:v prores_ks -profile:v 3 -c:a pcm_s16le /Users/kevinyang/dev/video-gen-kb/projects/kyle_firstflight/v1-lora-cli/clips/s3_t.mov
$ W=3840 H=2160 FIT=crop BITRATE=40M KEEP_FRAMES=0 KEEP_AUDIO=1 /Users/kevinyang/dev/video-gen-kb/scripts/upscale_4k.sh /Users/kevinyang/dev/video-gen-kb/projects/kyle_firstflight/v1-lora-cli/clips/s3_t.mov /Users/kevinyang/dev/video-gen-kb/projects/kyle_firstflight/v1-lora-cli/clips/s3 realesrgan-x4plus
hevc,3840,2160,yuv420p10le,248
4k: /Users/kevinyang/dev/video-gen-kb/projects/kyle_firstflight/v1-lora-cli/clips/s3_4k.mp4
$ ffmpeg -nostdin -v error -y -i /Users/kevinyang/dev/video-gen-kb/projects/kyle_firstflight/v1-lora-cli/clips/s4_v1.mov -vf trim=start=0:end=9.0,setpts=PTS-STARTPTS -af atrim=start=0:end=9.0,asetpts=PTS-STARTPTS -c:v prores_ks -profile:v 3 -c:a pcm_s16le /Users/kevinyang/dev/video-gen-kb/projects/kyle_firstflight/v1-lora-cli/clips/s4_t.mov
$ W=3840 H=2160 FIT=crop BITRATE=40M KEEP_FRAMES=0 KEEP_AUDIO=1 /Users/kevinyang/dev/video-gen-kb/scripts/upscale_4k.sh /Users/kevinyang/dev/video-gen-kb/projects/kyle_firstflight/v1-lora-cli/clips/s4_t.mov /Users/kevinyang/dev/video-gen-kb/projects/kyle_firstflight/v1-lora-cli/clips/s4 realesrgan-x4plus
hevc,3840,2160,yuv420p10le,225
4k: /Users/kevinyang/dev/video-gen-kb/projects/kyle_firstflight/v1-lora-cli/clips/s4_4k.mp4
$ ffmpeg -nostdin -v error -y -i /Users/kevinyang/dev/video-gen-kb/projects/kyle_firstflight/v1-lora-cli/clips/s5_v1.mov -vf trim=start=0:end=6.0,setpts=PTS-STARTPTS -af atrim=start=0:end=6.0,asetpts=PTS-STARTPTS -c:v prores_ks -profile:v 3 -c:a pcm_s16le /Users/kevinyang/dev/video-gen-kb/projects/kyle_firstflight/v1-lora-cli/clips/s5_t.mov
$ W=3840 H=2160 FIT=crop BITRATE=40M KEEP_FRAMES=0 KEEP_AUDIO=1 /Users/kevinyang/dev/video-gen-kb/scripts/upscale_4k.sh /Users/kevinyang/dev/video-gen-kb/projects/kyle_firstflight/v1-lora-cli/clips/s5_t.mov /Users/kevinyang/dev/video-gen-kb/projects/kyle_firstflight/v1-lora-cli/clips/s5 realesrgan-x4plus
hevc,3840,2160,yuv420p10le,150
4k: /Users/kevinyang/dev/video-gen-kb/projects/kyle_firstflight/v1-lora-cli/clips/s5_4k.mp4
$ ffmpeg -nostdin -v error -y -i /Users/kevinyang/dev/video-gen-kb/projects/kyle_firstflight/v1-lora-cli/clips/s6_v1.mov -vf trim=start=0:end=9.9,setpts=PTS-STARTPTS -af atrim=start=0:end=9.9,asetpts=PTS-STARTPTS -c:v prores_ks -profile:v 3 -c:a pcm_s16le /Users/kevinyang/dev/video-gen-kb/projects/kyle_firstflight/v1-lora-cli/clips/s6_t.mov
$ W=3840 H=2160 FIT=crop BITRATE=40M KEEP_FRAMES=0 KEEP_AUDIO=1 /Users/kevinyang/dev/video-gen-kb/scripts/upscale_4k.sh /Users/kevinyang/dev/video-gen-kb/projects/kyle_firstflight/v1-lora-cli/clips/s6_t.mov /Users/kevinyang/dev/video-gen-kb/projects/kyle_firstflight/v1-lora-cli/clips/s6 realesrgan-x4plus
hevc,3840,2160,yuv420p10le,248
4k: /Users/kevinyang/dev/video-gen-kb/projects/kyle_firstflight/v1-lora-cli/clips/s6_4k.mp4
$ ffmpeg -nostdin -v error -y -i /Users/kevinyang/dev/video-gen-kb/projects/kyle_firstflight/v1-lora-cli/clips/s7_v1.mov -vf trim=start=0:end=5.0,setpts=PTS-STARTPTS -af atrim=start=0:end=5.0,asetpts=PTS-STARTPTS -c:v prores_ks -profile:v 3 -c:a pcm_s16le /Users/kevinyang/dev/video-gen-kb/projects/kyle_firstflight/v1-lora-cli/clips/s7_t.mov
$ W=3840 H=2160 FIT=crop BITRATE=40M KEEP_FRAMES=0 KEEP_AUDIO=1 /Users/kevinyang/dev/video-gen-kb/scripts/upscale_4k.sh /Users/kevinyang/dev/video-gen-kb/projects/kyle_firstflight/v1-lora-cli/clips/s7_t.mov /Users/kevinyang/dev/video-gen-kb/projects/kyle_firstflight/v1-lora-cli/clips/s7 realesrgan-x4plus
hevc,3840,2160,yuv420p10le,125
4k: /Users/kevinyang/dev/video-gen-kb/projects/kyle_firstflight/v1-lora-cli/clips/s7_4k.mp4
$ ffmpeg -nostdin -v error -y -i /Users/kevinyang/dev/video-gen-kb/projects/kyle_firstflight/v1-lora-cli/clips/s8_v1.mov -vf trim=start=0:end=8.5,setpts=PTS-STARTPTS -af atrim=start=0:end=8.5,asetpts=PTS-STARTPTS -c:v prores_ks -profile:v 3 -c:a pcm_s16le /Users/kevinyang/dev/video-gen-kb/projects/kyle_firstflight/v1-lora-cli/clips/s8_t.mov
$ W=3840 H=2160 FIT=crop BITRATE=40M KEEP_FRAMES=0 KEEP_AUDIO=1 /Users/kevinyang/dev/video-gen-kb/scripts/upscale_4k.sh /Users/kevinyang/dev/video-gen-kb/projects/kyle_firstflight/v1-lora-cli/clips/s8_t.mov /Users/kevinyang/dev/video-gen-kb/projects/kyle_firstflight/v1-lora-cli/clips/s8 realesrgan-x4plus
hevc,3840,2160,yuv420p10le,213
4k: /Users/kevinyang/dev/video-gen-kb/projects/kyle_firstflight/v1-lora-cli/clips/s8_4k.mp4
$ W=3840 H=2160 FPS=25 XFADE=0.75 BITRATE=40M CLIP_AUDIO=1 MUSIC=/Users/kevinyang/dev/video-gen-kb/projects/kyle_firstflight/v1-lora-cli/music/best_adventure_ever.mp3 MUSIC_START=0 MUSIC_FADE_IN=1.5 MUSIC_FADE_OUT=2.5 MUSIC_VOL=0.45 CLIP_VOL=0.5 /Users/kevinyang/dev/video-gen-kb/scripts/assemble_film.sh /Users/kevinyang/dev/video-gen-kb/projects/kyle_firstflight/v1-lora-cli/final/kyle_firstflight_3840x2160.mp4 /Users/kevinyang/dev/video-gen-kb/projects/kyle_firstflight/v1-lora-cli/clips/s1_4k.mp4 /Users/kevinyang/dev/video-gen-kb/projects/kyle_firstflight/v1-lora-cli/clips/s2_4k.mp4 /Users/kevinyang/dev/video-gen-kb/projects/kyle_firstflight/v1-lora-cli/clips/s3_4k.mp4 /Users/kevinyang/dev/video-gen-kb/projects/kyle_firstflight/v1-lora-cli/clips/s4_4k.mp4 /Users/kevinyang/dev/video-gen-kb/projects/kyle_firstflight/v1-lora-cli/clips/s5_4k.mp4 /Users/kevinyang/dev/video-gen-kb/projects/kyle_firstflight/v1-lora-cli/clips/s6_4k.mp4 /Users/kevinyang/dev/video-gen-kb/projects/kyle_firstflight/v1-lora-cli/clips/s7_4k.mp4 /Users/kevinyang/dev/video-gen-kb/projects/kyle_firstflight/v1-lora-cli/clips/s8_4k.mp4
film: /Users/kevinyang/dev/video-gen-kb/projects/kyle_firstflight/v1-lora-cli/final/kyle_firstflight_3840x2160.mp4 (60.040000s, expected 60.03s, music from 0s)
$ ffmpeg -nostdin -v error -y -i /Users/kevinyang/dev/video-gen-kb/projects/kyle_firstflight/v1-lora-cli/final/kyle_firstflight_3840x2160.mp4 -vf scale=1920:1080:flags=lanczos -c:v hevc_videotoolbox -b:v 12M -tag:v hvc1 -c:a copy -movflags +faststart /Users/kevinyang/dev/video-gen-kb/projects/kyle_firstflight/v1-lora-cli/final/kyle_firstflight_1920x1080.mp4
finished: projects/kyle_firstflight/v1-lora-cli/final/kyle_firstflight_3840x2160.mp4
PHASE DONE 20:31
